Archive member included to satisfy reference by file (symbol)

e:/programs/gnu arm embedded toolchain/10 2021.10/bin/../lib/gcc/arm-none-eabi/10.3.1/thumb/v7e-m/nofp\libgcc.a(_aeabi_uldivmod.o)
                              CMakeFiles/test_boot_11_04.elf.dir/Drivers/STM32F4xx_HAL_Driver/Src/stm32f4xx_hal_rcc.c.obj (__aeabi_uldivmod)
e:/programs/gnu arm embedded toolchain/10 2021.10/bin/../lib/gcc/arm-none-eabi/10.3.1/thumb/v7e-m/nofp\libgcc.a(_udivmoddi4.o)
                              e:/programs/gnu arm embedded toolchain/10 2021.10/bin/../lib/gcc/arm-none-eabi/10.3.1/thumb/v7e-m/nofp\libgcc.a(_aeabi_uldivmod.o) (__udivmoddi4)
e:/programs/gnu arm embedded toolchain/10 2021.10/bin/../lib/gcc/arm-none-eabi/10.3.1/thumb/v7e-m/nofp\libgcc.a(_dvmd_tls.o)
                              e:/programs/gnu arm embedded toolchain/10 2021.10/bin/../lib/gcc/arm-none-eabi/10.3.1/thumb/v7e-m/nofp\libgcc.a(_aeabi_uldivmod.o) (__aeabi_ldiv0)
e:/programs/gnu arm embedded toolchain/10 2021.10/bin/../lib/gcc/arm-none-eabi/10.3.1/../../../../arm-none-eabi/lib/thumb/v7e-m/nofp\libg.a(lib_a-errno.o)
                              CMakeFiles/test_boot_11_04.elf.dir/Core/Src/syscalls.c.obj (__errno)
e:/programs/gnu arm embedded toolchain/10 2021.10/bin/../lib/gcc/arm-none-eabi/10.3.1/../../../../arm-none-eabi/lib/thumb/v7e-m/nofp\libg.a(lib_a-exit.o)
                              e:/programs/gnu arm embedded toolchain/10 2021.10/bin/../lib/gcc/arm-none-eabi/10.3.1/../../../../arm-none-eabi/lib/thumb/v7e-m/nofp/crt0.o (exit)
e:/programs/gnu arm embedded toolchain/10 2021.10/bin/../lib/gcc/arm-none-eabi/10.3.1/../../../../arm-none-eabi/lib/thumb/v7e-m/nofp\libg.a(lib_a-impure.o)
                              e:/programs/gnu arm embedded toolchain/10 2021.10/bin/../lib/gcc/arm-none-eabi/10.3.1/../../../../arm-none-eabi/lib/thumb/v7e-m/nofp\libg.a(lib_a-exit.o) (_global_impure_ptr)
e:/programs/gnu arm embedded toolchain/10 2021.10/bin/../lib/gcc/arm-none-eabi/10.3.1/../../../../arm-none-eabi/lib/thumb/v7e-m/nofp\libg.a(lib_a-init.o)
                              e:/programs/gnu arm embedded toolchain/10 2021.10/bin/../lib/gcc/arm-none-eabi/10.3.1/../../../../arm-none-eabi/lib/thumb/v7e-m/nofp/crt0.o (__libc_init_array)
e:/programs/gnu arm embedded toolchain/10 2021.10/bin/../lib/gcc/arm-none-eabi/10.3.1/../../../../arm-none-eabi/lib/thumb/v7e-m/nofp\libg.a(lib_a-memcmp.o)
                              CMakeFiles/test_boot_11_04.elf.dir/Core/Src/update_driver/update_driver.c.obj (memcmp)
e:/programs/gnu arm embedded toolchain/10 2021.10/bin/../lib/gcc/arm-none-eabi/10.3.1/../../../../arm-none-eabi/lib/thumb/v7e-m/nofp\libg.a(lib_a-memcpy.o)
                              CMakeFiles/test_boot_11_04.elf.dir/Core/Src/update_driver/update_driver.c.obj (memcpy)
e:/programs/gnu arm embedded toolchain/10 2021.10/bin/../lib/gcc/arm-none-eabi/10.3.1/../../../../arm-none-eabi/lib/thumb/v7e-m/nofp\libg.a(lib_a-memset.o)
                              e:/programs/gnu arm embedded toolchain/10 2021.10/bin/../lib/gcc/arm-none-eabi/10.3.1/../../../../arm-none-eabi/lib/thumb/v7e-m/nofp/crt0.o (memset)
e:/programs/gnu arm embedded toolchain/10 2021.10/bin/../lib/gcc/arm-none-eabi/10.3.1/../../../../arm-none-eabi/lib/thumb/v7e-m/nofp\libg.a(lib_a-printf.o)
                              CMakeFiles/test_boot_11_04.elf.dir/Core/Src/main.c.obj (printf)
e:/programs/gnu arm embedded toolchain/10 2021.10/bin/../lib/gcc/arm-none-eabi/10.3.1/../../../../arm-none-eabi/lib/thumb/v7e-m/nofp\libg.a(lib_a-putchar.o)
                              CMakeFiles/test_boot_11_04.elf.dir/Core/Src/update_driver/update_driver.c.obj (putchar)
e:/programs/gnu arm embedded toolchain/10 2021.10/bin/../lib/gcc/arm-none-eabi/10.3.1/../../../../arm-none-eabi/lib/thumb/v7e-m/nofp\libg.a(lib_a-puts.o)
                              CMakeFiles/test_boot_11_04.elf.dir/Core/Src/main.c.obj (puts)
e:/programs/gnu arm embedded toolchain/10 2021.10/bin/../lib/gcc/arm-none-eabi/10.3.1/../../../../arm-none-eabi/lib/thumb/v7e-m/nofp\libg.a(lib_a-strlen.o)
                              CMakeFiles/test_boot_11_04.elf.dir/Core/Src/update_driver/update_driver.c.obj (strlen)
e:/programs/gnu arm embedded toolchain/10 2021.10/bin/../lib/gcc/arm-none-eabi/10.3.1/../../../../arm-none-eabi/lib/thumb/v7e-m/nofp\libg.a(lib_a-vfprintf.o)
                              e:/programs/gnu arm embedded toolchain/10 2021.10/bin/../lib/gcc/arm-none-eabi/10.3.1/../../../../arm-none-eabi/lib/thumb/v7e-m/nofp\libg.a(lib_a-printf.o) (_vfprintf_r)
e:/programs/gnu arm embedded toolchain/10 2021.10/bin/../lib/gcc/arm-none-eabi/10.3.1/../../../../arm-none-eabi/lib/thumb/v7e-m/nofp\libg.a(lib_a-wsetup.o)
                              e:/programs/gnu arm embedded toolchain/10 2021.10/bin/../lib/gcc/arm-none-eabi/10.3.1/../../../../arm-none-eabi/lib/thumb/v7e-m/nofp\libg.a(lib_a-vfprintf.o) (__swsetup_r)
[...]
Memory Configuration

Name             Origin             Length             Attributes
CCMRAM           0x10000000         0x00010000         xrw
RAM              0x20000000         0x00020000         xrw
FLASH            0x08000000         0x00008000         xr
*default*        0x00000000         0xffffffff

Linker script and memory map

LOAD e:/programs/gnu arm embedded toolchain/10 2021.10/bin/../lib/gcc/arm-none-eabi/10.3.1/thumb/v7e-m/nofp/crti.o
LOAD e:/programs/gnu arm embedded toolchain/10 2021.10/bin/../lib/gcc/arm-none-eabi/10.3.1/thumb/v7e-m/nofp/crtbegin.o
LOAD e:/programs/gnu arm embedded toolchain/10 2021.10/bin/../lib/gcc/arm-none-eabi/10.3.1/../../../../arm-none-eabi/lib/thumb/v7e-m/nofp/crt0.o
LOAD CMakeFiles/test_boot_11_04.elf.dir/Core/Src/main.c.obj
LOAD CMakeFiles/test_boot_11_04.elf.dir/Core/Src/stm32f4xx_hal_msp.c.obj
LOAD CMakeFiles/test_boot_11_04.elf.dir/Core/Src/stm32f4xx_it.c.obj
LOAD CMakeFiles/test_boot_11_04.elf.dir/Core/Src/syscalls.c.obj
LOAD CMakeFiles/test_boot_11_04.elf.dir/Core/Src/sysmem.c.obj
LOAD CMakeFiles/test_boot_11_04.elf.dir/Core/Src/system_stm32f4xx.c.obj
LOAD CMakeFiles/test_boot_11_04.elf.dir/Core/Src/update_driver/update_driver.c.obj
LOAD CMakeFiles/test_boot_11_04.elf.dir/Core/Startup/startup_stm32f407vgtx.s.obj
LOAD CMakeFiles/test_boot_11_04.elf.dir/Drivers/STM32F4xx_HAL_Driver/Src/stm32f4xx_hal.c.obj
LOAD CMakeFiles/test_boot_11_04.elf.dir/Drivers/STM32F4xx_HAL_Driver/Src/stm32f4xx_hal_cortex.c.obj
LOAD CMakeFiles/test_boot_11_04.elf.dir/Drivers/STM32F4xx_HAL_Driver/Src/stm32f4xx_hal_crc.c.obj
LOAD CMakeFiles/test_boot_11_04.elf.dir/Drivers/STM32F4xx_HAL_Driver/Src/stm32f4xx_hal_dma.c.obj
LOAD CMakeFiles/test_boot_11_04.elf.dir/Drivers/STM32F4xx_HAL_Driver/Src/stm32f4xx_hal_dma_ex.c.obj
LOAD CMakeFiles/test_boot_11_04.elf.dir/Drivers/STM32F4xx_HAL_Driver/Src/stm32f4xx_hal_exti.c.obj
LOAD CMakeFiles/test_boot_11_04.elf.dir/Drivers/STM32F4xx_HAL_Driver/Src/stm32f4xx_hal_flash.c.obj
LOAD CMakeFiles/test_boot_11_04.elf.dir/Drivers/STM32F4xx_HAL_Driver/Src/stm32f4xx_hal_flash_ex.c.obj
LOAD CMakeFiles/test_boot_11_04.elf.dir/Drivers/STM32F4xx_HAL_Driver/Src/stm32f4xx_hal_flash_ramfunc.c.obj
LOAD CMakeFiles/test_boot_11_04.elf.dir/Drivers/STM32F4xx_HAL_Driver/Src/stm32f4xx_hal_gpio.c.obj
LOAD CMakeFiles/test_boot_11_04.elf.dir/Drivers/STM32F4xx_HAL_Driver/Src/stm32f4xx_hal_pwr.c.obj
LOAD CMakeFiles/test_boot_11_04.elf.dir/Drivers/STM32F4xx_HAL_Driver/Src/stm32f4xx_hal_pwr_ex.c.obj
LOAD CMakeFiles/test_boot_11_04.elf.dir/Drivers/STM32F4xx_HAL_Driver/Src/stm32f4xx_hal_rcc.c.obj
LOAD CMakeFiles/test_boot_11_04.elf.dir/Drivers/STM32F4xx_HAL_Driver/Src/stm32f4xx_hal_rcc_ex.c.obj
LOAD CMakeFiles/test_boot_11_04.elf.dir/Drivers/STM32F4xx_HAL_Driver/Src/stm32f4xx_hal_tim.c.obj
LOAD CMakeFiles/test_boot_11_04.elf.dir/Drivers/STM32F4xx_HAL_Driver/Src/stm32f4xx_hal_tim_ex.c.obj
LOAD CMakeFiles/test_boot_11_04.elf.dir/Drivers/STM32F4xx_HAL_Driver/Src/stm32f4xx_hal_uart.c.obj
START GROUP
LOAD e:/programs/gnu arm embedded toolchain/10 2021.10/bin/../lib/gcc/arm-none-eabi/10.3.1/thumb/v7e-m/nofp\libgcc.a
LOAD e:/programs/gnu arm embedded toolchain/10 2021.10/bin/../lib/gcc/arm-none-eabi/10.3.1/../../../../arm-none-eabi/lib/thumb/v7e-m/nofp\libg.a
LOAD e:/programs/gnu arm embedded toolchain/10 2021.10/bin/../lib/gcc/arm-none-eabi/10.3.1/../../../../arm-none-eabi/lib/thumb/v7e-m/nofp\libc.a
END GROUP
LOAD e:/programs/gnu arm embedded toolchain/10 2021.10/bin/../lib/gcc/arm-none-eabi/10.3.1/thumb/v7e-m/nofp/crtend.o
LOAD e:/programs/gnu arm embedded toolchain/10 2021.10/bin/../lib/gcc/arm-none-eabi/10.3.1/thumb/v7e-m/nofp/crtn.o
                0x20020000                _estack = (ORIGIN (RAM) + LENGTH (RAM))
                0x00000200                _Min_Heap_Size = 0x200
                0x00000400                _Min_Stack_Size = 0x400

.isr_vector     0x08000000      0x188
                0x08000000                . = ALIGN (0x4)
 *(.isr_vector)
 .isr_vector    0x08000000      0x188 CMakeFiles/test_boot_11_04.elf.dir/Core/Startup/startup_stm32f407vgtx.s.obj
                0x08000000                g_pfnVectors
                0x08000188                . = ALIGN (0x4)

.text           0x080001c0     0x91b4
                0x080001c0                . = ALIGN (0x4)
 *(.text)
 .text          0x080001c0       0x40 e:/programs/gnu arm embedded toolchain/10 2021.10/bin/../lib/gcc/arm-none-eabi/10.3.1/thumb/v7e-m/nofp/crtbegin.o
 .text          0x08000200       0x30 e:/programs/gnu arm embedded toolchain/10 2021.10/bin/../lib/gcc/arm-none-eabi/10.3.1/thumb/v7e-m/nofp\libgcc.a(_aeabi_uldivmod.o)
                0x08000200                __aeabi_uldivmod
 .text          0x08000230      0x2d0 e:/programs/gnu arm embedded toolchain/10 2021.10/bin/../lib/gcc/arm-none-eabi/10.3.1/thumb/v7e-m/nofp\libgcc.a(_udivmoddi4.o)
                0x08000230                __udivmoddi4
 .text          0x08000500        0x4 e:/programs/gnu arm embedded toolchain/10 2021.10/bin/../lib/gcc/arm-none-eabi/10.3.1/thumb/v7e-m/nofp\libgcc.a(_dvmd_tls.o)
                0x08000500                __aeabi_idiv0
                0x08000500                __aeabi_ldiv0
 .text          0x08000504      0x134 e:/programs/gnu arm embedded toolchain/10 2021.10/bin/../lib/gcc/arm-none-eabi/10.3.1/../../../../arm-none-eabi/lib/thumb/v7e-m/nofp\libg.a(lib_a-memcpy.o)
                0x08000504                memcpy
 *fill*         0x08000638        0x8 
 .text          0x08000640       0xdc e:/programs/gnu arm embedded toolchain/10 2021.10/bin/../lib/gcc/arm-none-eabi/10.3.1/../../../../arm-none-eabi/lib/thumb/v7e-m/nofp\libg.a(lib_a-strlen.o)
                0x08000640                strlen
 *fill*         0x0800071c        0x4 
 .text          0x08000720       0xa0 e:/programs/gnu arm embedded toolchain/10 2021.10/bin/../lib/gcc/arm-none-eabi/10.3.1/../../../../arm-none-eabi/lib/thumb/v7e-m/nofp\libg.a(lib_a-memchr.o)
                0x08000720                memchr
 .text          0x080007c0      0x378 e:/programs/gnu arm embedded toolchain/10 2021.10/bin/../lib/gcc/arm-none-eabi/10.3.1/thumb/v7e-m/nofp\libgcc.a(_arm_addsubdf3.o)
                0x080007c0                __aeabi_drsub
                0x080007c8                __aeabi_dsub
                0x080007c8                __subdf3
                0x080007cc                __aeabi_dadd
                0x080007cc                __adddf3
                0x08000a44                __floatunsidf
                0x08000a44                __aeabi_ui2d
                0x08000a64                __floatsidf
                0x08000a64                __aeabi_i2d
                0x08000a88                __aeabi_f2d
                0x08000a88                __extendsfdf2
                0x08000acc                __floatundidf
                0x08000acc                __aeabi_ul2d
                0x08000adc                __floatdidf
                0x08000adc                __aeabi_l2d
 .text          0x08000b38      0x424 e:/programs/gnu arm embedded toolchain/10 2021.10/bin/../lib/gcc/arm-none-eabi/10.3.1/thumb/v7e-m/nofp\libgcc.a(_arm_muldivdf3.o)
                0x08000b38                __aeabi_dmul
                0x08000b38                __muldf3
                0x08000d8c                __divdf3
                0x08000d8c                __aeabi_ddiv
 .text          0x08000f5c      0x110 e:/programs/gnu arm embedded toolchain/10 2021.10/bin/../lib/gcc/arm-none-eabi/10.3.1/thumb/v7e-m/nofp\libgcc.a(_arm_cmpdf2.o)
                0x08000f5c                __gtdf2
                0x08000f5c                __gedf2
                0x08000f64                __ltdf2
                0x08000f64                __ledf2
                0x08000f6c                __nedf2
                0x08000f6c                __eqdf2
                0x08000f6c                __cmpdf2
                0x08000fe8                __aeabi_cdrcmple
                0x08000ff8                __aeabi_cdcmpeq
                0x08000ff8                __aeabi_cdcmple
                0x08001008                __aeabi_dcmpeq
                0x0800101c                __aeabi_dcmplt
                0x08001030                __aeabi_dcmple
                0x08001044                __aeabi_dcmpge
                0x08001058                __aeabi_dcmpgt
 .text          0x0800106c       0x2c e:/programs/gnu arm embedded toolchain/10 2021.10/bin/../lib/gcc/arm-none-eabi/10.3.1/thumb/v7e-m/nofp\libgcc.a(_arm_unorddf2.o)
                0x0800106c                __unorddf2
                0x0800106c                __aeabi_dcmpun
 .text          0x08001098       0x50 e:/programs/gnu arm embedded toolchain/10 2021.10/bin/../lib/gcc/arm-none-eabi/10.3.1/thumb/v7e-m/nofp\libgcc.a(_arm_fixdfsi.o)
                0x08001098                __aeabi_d2iz
                0x08001098                __fixdfsi
 *(.text*)
 .text.MX_GPIO_Init
                0x080010e8       0xa4 CMakeFiles/test_boot_11_04.elf.dir/Core/Src/main.c.obj
 .text.go_to_application
                0x0800118c       0x40 CMakeFiles/test_boot_11_04.elf.dir/Core/Src/main.c.obj
 .text._write   0x080011cc       0x18 CMakeFiles/test_boot_11_04.elf.dir/Core/Src/main.c.obj
                0x080011cc                _write
 .text.Error_Handler
                0x080011e4        0x4 CMakeFiles/test_boot_11_04.elf.dir/Core/Src/main.c.obj
                0x080011e4                Error_Handler
 .text.MX_USART3_UART_Init
                0x080011e8       0x34 CMakeFiles/test_boot_11_04.elf.dir/Core/Src/main.c.obj
 .text.MX_CRC_Init
                0x0800121c       0x1c CMakeFiles/test_boot_11_04.elf.dir/Core/Src/main.c.obj
 .text.SystemClock_Config
                0x08001238       0xa4 CMakeFiles/test_boot_11_04.elf.dir/Core/Src/main.c.obj
                0x08001238                SystemClock_Config
 .text.main     0x080012dc       0x4c CMakeFiles/test_boot_11_04.elf.dir/Core/Src/main.c.obj
                0x080012dc                main
 .text.HAL_MspInit
                0x08001328       0x38 CMakeFiles/test_boot_11_04.elf.dir/Core/Src/stm32f4xx_hal_msp.c.obj
                0x08001328                HAL_MspInit
 .text.HAL_CRC_MspInit
                0x08001360       0x30 CMakeFiles/test_boot_11_04.elf.dir/Core/Src/stm32f4xx_hal_msp.c.obj
                0x08001360                HAL_CRC_MspInit
 .text.HAL_UART_MspInit
                0x08001390       0x80 CMakeFiles/test_boot_11_04.elf.dir/Core/Src/stm32f4xx_hal_msp.c.obj
                0x08001390                HAL_UART_MspInit
 .text.NMI_Handler
                0x08001410        0x2 CMakeFiles/test_boot_11_04.elf.dir/Core/Src/stm32f4xx_it.c.obj
                0x08001410                NMI_Handler
 .text.HardFault_Handler
                0x08001412        0x2 CMakeFiles/test_boot_11_04.elf.dir/Core/Src/stm32f4xx_it.c.obj
                0x08001412                HardFault_Handler
 .text.MemManage_Handler
                0x08001414        0x2 CMakeFiles/test_boot_11_04.elf.dir/Core/Src/stm32f4xx_it.c.obj
                0x08001414                MemManage_Handler
 .text.BusFault_Handler
                0x08001416        0x2 CMakeFiles/test_boot_11_04.elf.dir/Core/Src/stm32f4xx_it.c.obj
                0x08001416                BusFault_Handler
 .text.UsageFault_Handler
                0x08001418        0x2 CMakeFiles/test_boot_11_04.elf.dir/Core/Src/stm32f4xx_it.c.obj
                0x08001418                UsageFault_Handler
 .text.SVC_Handler
                0x0800141a        0x2 CMakeFiles/test_boot_11_04.elf.dir/Core/Src/stm32f4xx_it.c.obj
                0x0800141a                SVC_Handler
 .text.DebugMon_Handler
                0x0800141c        0x2 CMakeFiles/test_boot_11_04.elf.dir/Core/Src/stm32f4xx_it.c.obj
                0x0800141c                DebugMon_Handler
 .text.PendSV_Handler
                0x0800141e        0x2 CMakeFiles/test_boot_11_04.elf.dir/Core/Src/stm32f4xx_it.c.obj
                0x0800141e                PendSV_Handler
 .text.SysTick_Handler
                0x08001420        0x8 CMakeFiles/test_boot_11_04.elf.dir/Core/Src/stm32f4xx_it.c.obj
                0x08001420                SysTick_Handler
 .text.USART3_IRQHandler
                0x08001428       0x10 CMakeFiles/test_boot_11_04.elf.dir/Core/Src/stm32f4xx_it.c.obj
                0x08001428                USART3_IRQHandler
 .text._getpid  0x08001438        0x4 CMakeFiles/test_boot_11_04.elf.dir/Core/Src/syscalls.c.obj
                0x08001438                _getpid
 .text._kill    0x0800143c       0x10 CMakeFiles/test_boot_11_04.elf.dir/Core/Src/syscalls.c.obj
                0x0800143c                _kill
 .text._exit    0x0800144c        0xc CMakeFiles/test_boot_11_04.elf.dir/Core/Src/syscalls.c.obj
                0x0800144c                _exit
 .text._read    0x08001458       0x20 CMakeFiles/test_boot_11_04.elf.dir/Core/Src/syscalls.c.obj
                0x08001458                _read
 .text._close   0x08001478        0x6 CMakeFiles/test_boot_11_04.elf.dir/Core/Src/syscalls.c.obj
                0x08001478                _close
 .text._fstat   0x0800147e        0xa CMakeFiles/test_boot_11_04.elf.dir/Core/Src/syscalls.c.obj
                0x0800147e                _fstat
 .text._isatty  0x08001488        0x4 CMakeFiles/test_boot_11_04.elf.dir/Core/Src/syscalls.c.obj
                0x08001488                _isatty
 .text._lseek   0x0800148c        0x4 CMakeFiles/test_boot_11_04.elf.dir/Core/Src/syscalls.c.obj
                0x0800148c                _lseek
 .text._sbrk    0x08001490       0x48 CMakeFiles/test_boot_11_04.elf.dir/Core/Src/sysmem.c.obj
                0x08001490                _sbrk
 .text.SystemInit
                0x080014d8        0x2 CMakeFiles/test_boot_11_04.elf.dir/Core/Src/system_stm32f4xx.c.obj
                0x080014d8                SystemInit
 *fill*         0x080014da        0x2 
 .text.four_uint8t_to_one_uint32t
                0x080014dc       0x30 CMakeFiles/test_boot_11_04.elf.dir/Core/Src/update_driver/update_driver.c.obj
                0x080014dc                four_uint8t_to_one_uint32t
 .text.check_bootloader_mode
                0x0800150c       0x4c CMakeFiles/test_boot_11_04.elf.dir/Core/Src/update_driver/update_driver.c.obj
                0x0800150c                check_bootloader_mode
 .text.check_cmd_type
                0x08001558        0xe CMakeFiles/test_boot_11_04.elf.dir/Core/Src/update_driver/update_driver.c.obj
                0x08001558                check_cmd_type
 *fill*         0x08001566        0x2 
 .text.check_crc
                0x08001568       0x88 CMakeFiles/test_boot_11_04.elf.dir/Core/Src/update_driver/update_driver.c.obj
                0x08001568                check_crc
 .text.find_word
                0x080015f0       0x2c CMakeFiles/test_boot_11_04.elf.dir/Core/Src/update_driver/update_driver.c.obj
                0x080015f0                find_word
 .text.usart_get_cmd
                0x0800161c       0x78 CMakeFiles/test_boot_11_04.elf.dir/Core/Src/update_driver/update_driver.c.obj
                0x0800161c                usart_get_cmd
 .text.usart_send_status
                0x08001694       0x5c CMakeFiles/test_boot_11_04.elf.dir/Core/Src/update_driver/update_driver.c.obj
                0x08001694                usart_send_status
 .text.usart_get_header
                0x080016f0       0x74 CMakeFiles/test_boot_11_04.elf.dir/Core/Src/update_driver/update_driver.c.obj
                0x080016f0                usart_get_header
 .text.usart_get_data
                0x08001764       0x84 CMakeFiles/test_boot_11_04.elf.dir/Core/Src/update_driver/update_driver.c.obj
                0x08001764                usart_get_data
 .text.decrypt_data
                0x080017e8       0x2c CMakeFiles/test_boot_11_04.elf.dir/Core/Src/update_driver/update_driver.c.obj
                0x080017e8                decrypt_data
 .text.erase_flash
                0x08001814       0x70 CMakeFiles/test_boot_11_04.elf.dir/Core/Src/update_driver/update_driver.c.obj
                0x08001814                erase_flash
 .text.usart_send_responce
                0x08001884       0x80 CMakeFiles/test_boot_11_04.elf.dir/Core/Src/update_driver/update_driver.c.obj
                0x08001884                usart_send_responce
 .text.write_data_to_flash
                0x08001904       0x74 CMakeFiles/test_boot_11_04.elf.dir/Core/Src/update_driver/update_driver.c.obj
                0x08001904                write_data_to_flash
 .text.update_firmware
                0x08001978      0x1e0 CMakeFiles/test_boot_11_04.elf.dir/Core/Src/update_driver/update_driver.c.obj
                0x08001978                update_firmware
 .text.execute_command
                0x08001b58       0x38 CMakeFiles/test_boot_11_04.elf.dir/Core/Src/update_driver/update_driver.c.obj
                0x08001b58                execute_command
 .text.bootloader_mode
                0x08001b90       0x68 CMakeFiles/test_boot_11_04.elf.dir/Core/Src/update_driver/update_driver.c.obj
                0x08001b90                bootloader_mode
 .text.Reset_Handler
                0x08001bf8       0x50 CMakeFiles/test_boot_11_04.elf.dir/Core/Startup/startup_stm32f407vgtx.s.obj
                0x08001bf8                Reset_Handler
 .text.Default_Handler
                0x08001c48        0x2 CMakeFiles/test_boot_11_04.elf.dir/Core/Startup/startup_stm32f407vgtx.s.obj
                0x08001c48                RTC_Alarm_IRQHandler
                0x08001c48                HASH_RNG_IRQHandler
                0x08001c48                EXTI2_IRQHandler
                0x08001c48                TIM8_CC_IRQHandler
                0x08001c48                TIM1_CC_IRQHandler
                0x08001c48                DMA2_Stream5_IRQHandler
                0x08001c48                DMA1_Stream5_IRQHandler
                0x08001c48                PVD_IRQHandler
                0x08001c48                SDIO_IRQHandler
                0x08001c48                TAMP_STAMP_IRQHandler
                0x08001c48                CAN2_RX1_IRQHandler
                0x08001c48                EXTI3_IRQHandler
                0x08001c48                TIM8_TRG_COM_TIM14_IRQHandler
                0x08001c48                TIM1_UP_TIM10_IRQHandler
                0x08001c48                TIM8_UP_TIM13_IRQHandler
                0x08001c48                I2C3_ER_IRQHandler
                0x08001c48                EXTI0_IRQHandler
                0x08001c48                I2C2_EV_IRQHandler
                0x08001c48                DMA1_Stream2_IRQHandler
                0x08001c48                CAN1_RX0_IRQHandler
                0x08001c48                FPU_IRQHandler
                0x08001c48                OTG_HS_WKUP_IRQHandler
                0x08001c48                CAN2_SCE_IRQHandler
                0x08001c48                DMA2_Stream2_IRQHandler
                0x08001c48                SPI1_IRQHandler
                0x08001c48                TIM6_DAC_IRQHandler
                0x08001c48                TIM1_BRK_TIM9_IRQHandler
                0x08001c48                DCMI_IRQHandler
                0x08001c48                CAN2_RX0_IRQHandler
                0x08001c48                DMA2_Stream3_IRQHandler
                0x08001c48                USART6_IRQHandler
                0x08001c48                CAN1_RX1_IRQHandler
                0x08001c48                UART5_IRQHandler
                0x08001c48                DMA2_Stream0_IRQHandler
                0x08001c48                TIM4_IRQHandler
                0x08001c48                I2C1_EV_IRQHandler
                0x08001c48                DMA1_Stream6_IRQHandler
                0x08001c48                DMA1_Stream1_IRQHandler
                0x08001c48                UART4_IRQHandler
                0x08001c48                TIM3_IRQHandler
                0x08001c48                RCC_IRQHandler
                0x08001c48                TIM8_BRK_TIM12_IRQHandler
                0x08001c48                Default_Handler
                0x08001c48                EXTI15_10_IRQHandler
                0x08001c48                ADC_IRQHandler
                0x08001c48                DMA1_Stream7_IRQHandler
                0x08001c48                TIM7_IRQHandler
                0x08001c48                CAN2_TX_IRQHandler
                0x08001c48                TIM5_IRQHandler
                0x08001c48                DMA2_Stream7_IRQHandler
                0x08001c48                I2C3_EV_IRQHandler
                0x08001c48                EXTI9_5_IRQHandler
                0x08001c48                RTC_WKUP_IRQHandler
                0x08001c48                ETH_WKUP_IRQHandler
                0x08001c48                SPI2_IRQHandler
                0x08001c48                OTG_HS_EP1_IN_IRQHandler
                0x08001c48                DMA1_Stream0_IRQHandler
                0x08001c48                CAN1_TX_IRQHandler
                0x08001c48                EXTI4_IRQHandler
                0x08001c48                FSMC_IRQHandler
                0x08001c48                ETH_IRQHandler
                0x08001c48                OTG_HS_EP1_OUT_IRQHandler
                0x08001c48                WWDG_IRQHandler
                0x08001c48                TIM2_IRQHandler
                0x08001c48                OTG_FS_WKUP_IRQHandler
                0x08001c48                TIM1_TRG_COM_TIM11_IRQHandler
                0x08001c48                OTG_HS_IRQHandler
                0x08001c48                EXTI1_IRQHandler
                0x08001c48                USART2_IRQHandler
                0x08001c48                I2C2_ER_IRQHandler
                0x08001c48                DMA2_Stream1_IRQHandler
                0x08001c48                CAN1_SCE_IRQHandler
                0x08001c48                FLASH_IRQHandler
                0x08001c48                DMA2_Stream4_IRQHandler
                0x08001c48                USART1_IRQHandler
                0x08001c48                OTG_FS_IRQHandler
                0x08001c48                SPI3_IRQHandler
                0x08001c48                DMA1_Stream4_IRQHandler
                0x08001c48                I2C1_ER_IRQHandler
                0x08001c48                DMA2_Stream6_IRQHandler
                0x08001c48                DMA1_Stream3_IRQHandler
 *fill*         0x08001c4a        0x2 
 .text.HAL_InitTick
                0x08001c4c       0x4c CMakeFiles/test_boot_11_04.elf.dir/Drivers/STM32F4xx_HAL_Driver/Src/stm32f4xx_hal.c.obj
                0x08001c4c                HAL_InitTick
 .text.HAL_Init
                0x08001c98       0x34 CMakeFiles/test_boot_11_04.elf.dir/Drivers/STM32F4xx_HAL_Driver/Src/stm32f4xx_hal.c.obj
                0x08001c98                HAL_Init
 .text.HAL_IncTick
                0x08001ccc       0x18 CMakeFiles/test_boot_11_04.elf.dir/Drivers/STM32F4xx_HAL_Driver/Src/stm32f4xx_hal.c.obj
                0x08001ccc                HAL_IncTick
 .text.HAL_GetTick
                0x08001ce4        0xc CMakeFiles/test_boot_11_04.elf.dir/Drivers/STM32F4xx_HAL_Driver/Src/stm32f4xx_hal.c.obj
                0x08001ce4                HAL_GetTick
 .text.HAL_NVIC_SetPriorityGrouping
                0x08001cf0       0x24 CMakeFiles/test_boot_11_04.elf.dir/Drivers/STM32F4xx_HAL_Driver/Src/stm32f4xx_hal_cortex.c.obj
                0x08001cf0                HAL_NVIC_SetPriorityGrouping
 .text.HAL_NVIC_SetPriority
                0x08001d14       0x70 CMakeFiles/test_boot_11_04.elf.dir/Drivers/STM32F4xx_HAL_Driver/Src/stm32f4xx_hal_cortex.c.obj
                0x08001d14                HAL_NVIC_SetPriority
 .text.HAL_NVIC_EnableIRQ
                0x08001d84       0x1c CMakeFiles/test_boot_11_04.elf.dir/Drivers/STM32F4xx_HAL_Driver/Src/stm32f4xx_hal_cortex.c.obj
                0x08001d84                HAL_NVIC_EnableIRQ
 .text.HAL_SYSTICK_Config
                0x08001da0       0x28 CMakeFiles/test_boot_11_04.elf.dir/Drivers/STM32F4xx_HAL_Driver/Src/stm32f4xx_hal_cortex.c.obj
                0x08001da0                HAL_SYSTICK_Config
 .text.HAL_CRC_Init
                0x08001dc8       0x1e CMakeFiles/test_boot_11_04.elf.dir/Drivers/STM32F4xx_HAL_Driver/Src/stm32f4xx_hal_crc.c.obj
                0x08001dc8                HAL_CRC_Init
 .text.HAL_CRC_Calculate
                0x08001de6       0x48 CMakeFiles/test_boot_11_04.elf.dir/Drivers/STM32F4xx_HAL_Driver/Src/stm32f4xx_hal_crc.c.obj
                0x08001de6                HAL_CRC_Calculate
 .text.HAL_DMA_Abort
                0x08001e2e       0x94 CMakeFiles/test_boot_11_04.elf.dir/Drivers/STM32F4xx_HAL_Driver/Src/stm32f4xx_hal_dma.c.obj
                0x08001e2e                HAL_DMA_Abort
 .text.HAL_DMA_Abort_IT
                0x08001ec2       0x26 CMakeFiles/test_boot_11_04.elf.dir/Drivers/STM32F4xx_HAL_Driver/Src/stm32f4xx_hal_dma.c.obj
                0x08001ec2                HAL_DMA_Abort_IT
 .text.FLASH_Program_DoubleWord
                0x08001ee8       0x2c CMakeFiles/test_boot_11_04.elf.dir/Drivers/STM32F4xx_HAL_Driver/Src/stm32f4xx_hal_flash.c.obj
 .text.FLASH_Program_Word
                0x08001f14       0x24 CMakeFiles/test_boot_11_04.elf.dir/Drivers/STM32F4xx_HAL_Driver/Src/stm32f4xx_hal_flash.c.obj
 .text.FLASH_Program_HalfWord
                0x08001f38       0x24 CMakeFiles/test_boot_11_04.elf.dir/Drivers/STM32F4xx_HAL_Driver/Src/stm32f4xx_hal_flash.c.obj
 .text.FLASH_Program_Byte
                0x08001f5c       0x20 CMakeFiles/test_boot_11_04.elf.dir/Drivers/STM32F4xx_HAL_Driver/Src/stm32f4xx_hal_flash.c.obj
 .text.FLASH_SetErrorCode
                0x08001f7c       0x8c CMakeFiles/test_boot_11_04.elf.dir/Drivers/STM32F4xx_HAL_Driver/Src/stm32f4xx_hal_flash.c.obj
 .text.HAL_FLASH_Unlock
                0x08002008       0x30 CMakeFiles/test_boot_11_04.elf.dir/Drivers/STM32F4xx_HAL_Driver/Src/stm32f4xx_hal_flash.c.obj
                0x08002008                HAL_FLASH_Unlock
 .text.HAL_FLASH_Lock
                0x08002038       0x14 CMakeFiles/test_boot_11_04.elf.dir/Drivers/STM32F4xx_HAL_Driver/Src/stm32f4xx_hal_flash.c.obj
                0x08002038                HAL_FLASH_Lock
 .text.FLASH_WaitForLastOperation
                0x0800204c       0x60 CMakeFiles/test_boot_11_04.elf.dir/Drivers/STM32F4xx_HAL_Driver/Src/stm32f4xx_hal_flash.c.obj
                0x0800204c                FLASH_WaitForLastOperation
 .text.HAL_FLASH_Program
                0x080020ac       0x7c CMakeFiles/test_boot_11_04.elf.dir/Drivers/STM32F4xx_HAL_Driver/Src/stm32f4xx_hal_flash.c.obj
                0x080020ac                HAL_FLASH_Program
 .text.FLASH_MassErase
                0x08002128       0x24 CMakeFiles/test_boot_11_04.elf.dir/Drivers/STM32F4xx_HAL_Driver/Src/stm32f4xx_hal_flash_ex.c.obj
 .text.FLASH_Erase_Sector
                0x0800214c       0x54 CMakeFiles/test_boot_11_04.elf.dir/Drivers/STM32F4xx_HAL_Driver/Src/stm32f4xx_hal_flash_ex.c.obj
                0x0800214c                FLASH_Erase_Sector
 .text.FLASH_FlushCaches
                0x080021a0       0x60 CMakeFiles/test_boot_11_04.elf.dir/Drivers/STM32F4xx_HAL_Driver/Src/stm32f4xx_hal_flash_ex.c.obj
                0x080021a0                FLASH_FlushCaches
 .text.HAL_FLASHEx_Erase
                0x08002200       0x94 CMakeFiles/test_boot_11_04.elf.dir/Drivers/STM32F4xx_HAL_Driver/Src/stm32f4xx_hal_flash_ex.c.obj
                0x08002200                HAL_FLASHEx_Erase
 .text.HAL_GPIO_Init
                0x08002294      0x1e4 CMakeFiles/test_boot_11_04.elf.dir/Drivers/STM32F4xx_HAL_Driver/Src/stm32f4xx_hal_gpio.c.obj
                0x08002294                HAL_GPIO_Init
 .text.HAL_GPIO_ReadPin
                0x08002478        0xe CMakeFiles/test_boot_11_04.elf.dir/Drivers/STM32F4xx_HAL_Driver/Src/stm32f4xx_hal_gpio.c.obj
                0x08002478                HAL_GPIO_ReadPin
 .text.HAL_GPIO_WritePin
                0x08002486        0xc CMakeFiles/test_boot_11_04.elf.dir/Drivers/STM32F4xx_HAL_Driver/Src/stm32f4xx_hal_gpio.c.obj
                0x08002486                HAL_GPIO_WritePin
 *fill*         0x08002492        0x2 
 .text.HAL_RCC_OscConfig
                0x08002494      0x3f8 CMakeFiles/test_boot_11_04.elf.dir/Drivers/STM32F4xx_HAL_Driver/Src/stm32f4xx_hal_rcc.c.obj
                0x08002494                HAL_RCC_OscConfig
 .text.HAL_RCC_GetSysClockFreq
                0x0800288c       0xa4 CMakeFiles/test_boot_11_04.elf.dir/Drivers/STM32F4xx_HAL_Driver/Src/stm32f4xx_hal_rcc.c.obj
                0x0800288c                HAL_RCC_GetSysClockFreq
 .text.HAL_RCC_ClockConfig
                0x08002930      0x160 CMakeFiles/test_boot_11_04.elf.dir/Drivers/STM32F4xx_HAL_Driver/Src/stm32f4xx_hal_rcc.c.obj
                0x08002930                HAL_RCC_ClockConfig
 .text.HAL_RCC_GetHCLKFreq
                0x08002a90        0xc CMakeFiles/test_boot_11_04.elf.dir/Drivers/STM32F4xx_HAL_Driver/Src/stm32f4xx_hal_rcc.c.obj
                0x08002a90                HAL_RCC_GetHCLKFreq
 .text.HAL_RCC_GetPCLK1Freq
                0x08002a9c       0x20 CMakeFiles/test_boot_11_04.elf.dir/Drivers/STM32F4xx_HAL_Driver/Src/stm32f4xx_hal_rcc.c.obj
                0x08002a9c                HAL_RCC_GetPCLK1Freq
 .text.HAL_RCC_GetPCLK2Freq
                0x08002abc       0x20 CMakeFiles/test_boot_11_04.elf.dir/Drivers/STM32F4xx_HAL_Driver/Src/stm32f4xx_hal_rcc.c.obj
                0x08002abc                HAL_RCC_GetPCLK2Freq
 .text.UART_EndRxTransfer
                0x08002adc       0x5c CMakeFiles/test_boot_11_04.elf.dir/Drivers/STM32F4xx_HAL_Driver/Src/stm32f4xx_hal_uart.c.obj
 .text.UART_Transmit_IT
                0x08002b38       0x60 CMakeFiles/test_boot_11_04.elf.dir/Drivers/STM32F4xx_HAL_Driver/Src/stm32f4xx_hal_uart.c.obj
 .text.UART_SetConfig
                0x08002b98      0x110 CMakeFiles/test_boot_11_04.elf.dir/Drivers/STM32F4xx_HAL_Driver/Src/stm32f4xx_hal_uart.c.obj
 .text.UART_WaitOnFlagUntilTimeout
                0x08002ca8       0x88 CMakeFiles/test_boot_11_04.elf.dir/Drivers/STM32F4xx_HAL_Driver/Src/stm32f4xx_hal_uart.c.obj
 .text.HAL_UART_Init
                0x08002d30       0x5e CMakeFiles/test_boot_11_04.elf.dir/Drivers/STM32F4xx_HAL_Driver/Src/stm32f4xx_hal_uart.c.obj
                0x08002d30                HAL_UART_Init
 .text.HAL_UART_Transmit
                0x08002d8e       0xd8 CMakeFiles/test_boot_11_04.elf.dir/Drivers/STM32F4xx_HAL_Driver/Src/stm32f4xx_hal_uart.c.obj
                0x08002d8e                HAL_UART_Transmit
 .text.HAL_UART_Receive
                0x08002e66       0xe4 CMakeFiles/test_boot_11_04.elf.dir/Drivers/STM32F4xx_HAL_Driver/Src/stm32f4xx_hal_uart.c.obj
                0x08002e66                HAL_UART_Receive
 .text.HAL_UART_TxCpltCallback
                0x08002f4a        0x2 CMakeFiles/test_boot_11_04.elf.dir/Drivers/STM32F4xx_HAL_Driver/Src/stm32f4xx_hal_uart.c.obj
                0x08002f4a                HAL_UART_TxCpltCallback
 .text.UART_EndTransmit_IT
                0x08002f4c       0x1a CMakeFiles/test_boot_11_04.elf.dir/Drivers/STM32F4xx_HAL_Driver/Src/stm32f4xx_hal_uart.c.obj
 .text.HAL_UART_RxCpltCallback
                0x08002f66        0x2 CMakeFiles/test_boot_11_04.elf.dir/Drivers/STM32F4xx_HAL_Driver/Src/stm32f4xx_hal_uart.c.obj
                0x08002f66                HAL_UART_RxCpltCallback
 .text.HAL_UART_ErrorCallback
                0x08002f68        0x2 CMakeFiles/test_boot_11_04.elf.dir/Drivers/STM32F4xx_HAL_Driver/Src/stm32f4xx_hal_uart.c.obj
                0x08002f68                HAL_UART_ErrorCallback
 .text.UART_DMAAbortOnError
                0x08002f6a       0x10 CMakeFiles/test_boot_11_04.elf.dir/Drivers/STM32F4xx_HAL_Driver/Src/stm32f4xx_hal_uart.c.obj
 .text.HAL_UARTEx_RxEventCallback
                0x08002f7a        0x2 CMakeFiles/test_boot_11_04.elf.dir/Drivers/STM32F4xx_HAL_Driver/Src/stm32f4xx_hal_uart.c.obj
                0x08002f7a                HAL_UARTEx_RxEventCallback
 .text.UART_Receive_IT
                0x08002f7c       0xe2 CMakeFiles/test_boot_11_04.elf.dir/Drivers/STM32F4xx_HAL_Driver/Src/stm32f4xx_hal_uart.c.obj
 *fill*         0x0800305e        0x2 
 .text.HAL_UART_IRQHandler
                0x08003060      0x280 CMakeFiles/test_boot_11_04.elf.dir/Drivers/STM32F4xx_HAL_Driver/Src/stm32f4xx_hal_uart.c.obj
                0x08003060                HAL_UART_IRQHandler
 .text.__errno  0x080032e0        0xc e:/programs/gnu arm embedded toolchain/10 2021.10/bin/../lib/gcc/arm-none-eabi/10.3.1/../../../../arm-none-eabi/lib/thumb/v7e-m/nofp\libg.a(lib_a-errno.o)
                0x080032e0                __errno
 .text.__libc_init_array
                0x080032ec       0x48 e:/programs/gnu arm embedded toolchain/10 2021.10/bin/../lib/gcc/arm-none-eabi/10.3.1/../../../../arm-none-eabi/lib/thumb/v7e-m/nofp\libg.a(lib_a-init.o)
                0x080032ec                __libc_init_array
 .text.memcmp   0x08003334       0x68 e:/programs/gnu arm embedded toolchain/10 2021.10/bin/../lib/gcc/arm-none-eabi/10.3.1/../../../../arm-none-eabi/lib/thumb/v7e-m/nofp\libg.a(lib_a-memcmp.o)
                0x08003334                memcmp
 .text.memset   0x0800339c       0xa4 e:/programs/gnu arm embedded toolchain/10 2021.10/bin/../lib/gcc/arm-none-eabi/10.3.1/../../../../arm-none-eabi/lib/thumb/v7e-m/nofp\libg.a(lib_a-memset.o)
                0x0800339c                memset
 .text.printf   0x08003440       0x28 e:/programs/gnu arm embedded toolchain/10 2021.10/bin/../lib/gcc/arm-none-eabi/10.3.1/../../../../arm-none-eabi/lib/thumb/v7e-m/nofp\libg.a(lib_a-printf.o)
                0x08003440                printf
 .text.putchar  0x08003468       0x10 e:/programs/gnu arm embedded toolchain/10 2021.10/bin/../lib/gcc/arm-none-eabi/10.3.1/../../../../arm-none-eabi/lib/thumb/v7e-m/nofp\libg.a(lib_a-putchar.o)
                0x08003468                putchar
 .text._puts_r  0x08003478       0x9c e:/programs/gnu arm embedded toolchain/10 2021.10/bin/../lib/gcc/arm-none-eabi/10.3.1/../../../../arm-none-eabi/lib/thumb/v7e-m/nofp\libg.a(lib_a-puts.o)
                0x08003478                _puts_r
 .text.puts     0x08003514       0x10 e:/programs/gnu arm embedded toolchain/10 2021.10/bin/../lib/gcc/arm-none-eabi/10.3.1/../../../../arm-none-eabi/lib/thumb/v7e-m/nofp\libg.a(lib_a-puts.o)
                0x08003514                puts
 .text._vfprintf_r
                0x08003524     0x1ad4 e:/programs/gnu arm embedded toolchain/10 2021.10/bin/../lib/gcc/arm-none-eabi/10.3.1/../../../../arm-none-eabi/lib/thumb/v7e-m/nofp\libg.a(lib_a-vfprintf.o)
                0x08003524                _vfprintf_r
 .text.__sbprintf
                0x08004ff8       0x80 e:/programs/gnu arm embedded toolchain/10 2021.10/bin/../lib/gcc/arm-none-eabi/10.3.1/../../../../arm-none-eabi/lib/thumb/v7e-m/nofp\libg.a(lib_a-vfprintf.o)
 .text.__swsetup_r
                0x08005078       0xd4 e:/programs/gnu arm embedded toolchain/10 2021.10/bin/../lib/gcc/arm-none-eabi/10.3.1/../../../../arm-none-eabi/lib/thumb/v7e-m/nofp\libg.a(lib_a-wsetup.o)
                0x08005078                __swsetup_r
 .text.startup.register_fini
                0x0800514c       0x14 e:/programs/gnu arm embedded toolchain/10 2021.10/bin/../lib/gcc/arm-none-eabi/10.3.1/../../../../arm-none-eabi/lib/thumb/v7e-m/nofp\libg.a(lib_a-__call_atexit.o)
 .text.atexit   0x08005160        0xc e:/programs/gnu arm embedded toolchain/10 2021.10/bin/../lib/gcc/arm-none-eabi/10.3.1/../../../../arm-none-eabi/lib/thumb/v7e-m/nofp\libg.a(lib_a-atexit.o)
                0x08005160                atexit
 .text.quorem   0x0800516c      0x124 e:/programs/gnu arm embedded toolchain/10 2021.10/bin/../lib/gcc/arm-none-eabi/10.3.1/../../../../arm-none-eabi/lib/thumb/v7e-m/nofp\libg.a(lib_a-dtoa.o)
 .text._dtoa_r  0x08005290      0xec4 e:/programs/gnu arm embedded toolchain/10 2021.10/bin/../lib/gcc/arm-none-eabi/10.3.1/../../../../arm-none-eabi/lib/thumb/v7e-m/nofp\libg.a(lib_a-dtoa.o)
                0x08005290                _dtoa_r
 .text.__sflush_r
                0x08006154      0x120 e:/programs/gnu arm embedded toolchain/10 2021.10/bin/../lib/gcc/arm-none-eabi/10.3.1/../../../../arm-none-eabi/lib/thumb/v7e-m/nofp\libg.a(lib_a-fflush.o)
                0x08006154                __sflush_r
 .text._fflush_r
                0x08006274       0x5c e:/programs/gnu arm embedded toolchain/10 2021.10/bin/../lib/gcc/arm-none-eabi/10.3.1/../../../../arm-none-eabi/lib/thumb/v7e-m/nofp\libg.a(lib_a-fflush.o)
                0x08006274                _fflush_r
 .text._cleanup_r
                0x080062d0        0xc e:/programs/gnu arm embedded toolchain/10 2021.10/bin/../lib/gcc/arm-none-eabi/10.3.1/../../../../arm-none-eabi/lib/thumb/v7e-m/nofp\libg.a(lib_a-findfp.o)
                0x080062d0                _cleanup_r
 .text.__sinit  0x080062dc      0x10c e:/programs/gnu arm embedded toolchain/10 2021.10/bin/../lib/gcc/arm-none-eabi/10.3.1/../../../../arm-none-eabi/lib/thumb/v7e-m/nofp\libg.a(lib_a-findfp.o)
                0x080062dc                __sinit
 .text.__sfp_lock_acquire
                0x080063e8        0xc e:/programs/gnu arm embedded toolchain/10 2021.10/bin/../lib/gcc/arm-none-eabi/10.3.1/../../../../arm-none-eabi/lib/thumb/v7e-m/nofp\libg.a(lib_a-findfp.o)
                0x080063e8                __sfp_lock_acquire
 .text.__sfp_lock_release
                0x080063f4        0xc e:/programs/gnu arm embedded toolchain/10 2021.10/bin/../lib/gcc/arm-none-eabi/10.3.1/../../../../arm-none-eabi/lib/thumb/v7e-m/nofp\libg.a(lib_a-findfp.o)
                0x080063f4                __sfp_lock_release
 .text.__libc_fini_array
                0x08006400       0x2c e:/programs/gnu arm embedded toolchain/10 2021.10/bin/../lib/gcc/arm-none-eabi/10.3.1/../../../../arm-none-eabi/lib/thumb/v7e-m/nofp\libg.a(lib_a-fini.o)
                0x08006400                __libc_fini_array
 .text._malloc_trim_r
                0x0800642c       0xa0 e:/programs/gnu arm embedded toolchain/10 2021.10/bin/../lib/gcc/arm-none-eabi/10.3.1/../../../../arm-none-eabi/lib/thumb/v7e-m/nofp\libg.a(lib_a-freer.o)
                0x0800642c                _malloc_trim_r
 .text._free_r  0x080064cc      0x20c e:/programs/gnu arm embedded toolchain/10 2021.10/bin/../lib/gcc/arm-none-eabi/10.3.1/../../../../arm-none-eabi/lib/thumb/v7e-m/nofp\libg.a(lib_a-freer.o)
                0x080064cc                _free_r
 .text.__sfvwrite_r
                0x080066d8      0x2e8 e:/programs/gnu arm embedded toolchain/10 2021.10/bin/../lib/gcc/arm-none-eabi/10.3.1/../../../../arm-none-eabi/lib/thumb/v7e-m/nofp\libg.a(lib_a-fvwrite.o)
                0x080066d8                __sfvwrite_r
 .text._fwalk_reent
                0x080069c0       0x48 e:/programs/gnu arm embedded toolchain/10 2021.10/bin/../lib/gcc/arm-none-eabi/10.3.1/../../../../arm-none-eabi/lib/thumb/v7e-m/nofp\libg.a(lib_a-fwalk.o)
                0x080069c0                _fwalk_reent
 .text._localeconv_r
                0x08006a08        0x8 e:/programs/gnu arm embedded toolchain/10 2021.10/bin/../lib/gcc/arm-none-eabi/10.3.1/../../../../arm-none-eabi/lib/thumb/v7e-m/nofp\libg.a(lib_a-localeconv.o)
                0x08006a08                _localeconv_r
 .text.__retarget_lock_init_recursive
                0x08006a10        0x4 e:/programs/gnu arm embedded toolchain/10 2021.10/bin/../lib/gcc/arm-none-eabi/10.3.1/../../../../arm-none-eabi/lib/thumb/v7e-m/nofp\libg.a(lib_a-lock.o)
                0x08006a10                __retarget_lock_init_recursive
 .text.__retarget_lock_close_recursive
                0x08006a14        0x4 e:/programs/gnu arm embedded toolchain/10 2021.10/bin/../lib/gcc/arm-none-eabi/10.3.1/../../../../arm-none-eabi/lib/thumb/v7e-m/nofp\libg.a(lib_a-lock.o)
                0x08006a14                __retarget_lock_close_recursive
 .text.__retarget_lock_acquire_recursive
                0x08006a18        0x4 e:/programs/gnu arm embedded toolchain/10 2021.10/bin/../lib/gcc/arm-none-eabi/10.3.1/../../../../arm-none-eabi/lib/thumb/v7e-m/nofp\libg.a(lib_a-lock.o)
                0x08006a18                __retarget_lock_acquire_recursive
 .text.__retarget_lock_release_recursive
                0x08006a1c        0x4 e:/programs/gnu arm embedded toolchain/10 2021.10/bin/../lib/gcc/arm-none-eabi/10.3.1/../../../../arm-none-eabi/lib/thumb/v7e-m/nofp\libg.a(lib_a-lock.o)
                0x08006a1c                __retarget_lock_release_recursive
 .text.__smakebuf_r
                0x08006a20       0xe0 e:/programs/gnu arm embedded toolchain/10 2021.10/bin/../lib/gcc/arm-none-eabi/10.3.1/../../../../arm-none-eabi/lib/thumb/v7e-m/nofp\libg.a(lib_a-makebuf.o)
                0x08006a20                __smakebuf_r
 .text._malloc_r
                0x08006b00      0x560 e:/programs/gnu arm embedded toolchain/10 2021.10/bin/../lib/gcc/arm-none-eabi/10.3.1/../../../../arm-none-eabi/lib/thumb/v7e-m/nofp\libg.a(lib_a-mallocr.o)
                0x08006b00                _malloc_r
 .text.memmove  0x08007060       0xf8 e:/programs/gnu arm embedded toolchain/10 2021.10/bin/../lib/gcc/arm-none-eabi/10.3.1/../../../../arm-none-eabi/lib/thumb/v7e-m/nofp\libg.a(lib_a-memmove.o)
                0x08007060                memmove
 .text.__malloc_lock
                0x08007158        0xc e:/programs/gnu arm embedded toolchain/10 2021.10/bin/../lib/gcc/arm-none-eabi/10.3.1/../../../../arm-none-eabi/lib/thumb/v7e-m/nofp\libg.a(lib_a-mlock.o)
                0x08007158                __malloc_lock
 .text.__malloc_unlock
                0x08007164        0xc e:/programs/gnu arm embedded toolchain/10 2021.10/bin/../lib/gcc/arm-none-eabi/10.3.1/../../../../arm-none-eabi/lib/thumb/v7e-m/nofp\libg.a(lib_a-mlock.o)
                0x08007164                __malloc_unlock
 .text._Balloc  0x08007170       0x4c e:/programs/gnu arm embedded toolchain/10 2021.10/bin/../lib/gcc/arm-none-eabi/10.3.1/../../../../arm-none-eabi/lib/thumb/v7e-m/nofp\libg.a(lib_a-mprec.o)
                0x08007170                _Balloc
 .text._Bfree   0x080071bc       0x14 e:/programs/gnu arm embedded toolchain/10 2021.10/bin/../lib/gcc/arm-none-eabi/10.3.1/../../../../arm-none-eabi/lib/thumb/v7e-m/nofp\libg.a(lib_a-mprec.o)
                0x080071bc                _Bfree
 .text.__multadd
                0x080071d0       0xa0 e:/programs/gnu arm embedded toolchain/10 2021.10/bin/../lib/gcc/arm-none-eabi/10.3.1/../../../../arm-none-eabi/lib/thumb/v7e-m/nofp\libg.a(lib_a-mprec.o)
                0x080071d0                __multadd
 .text.__hi0bits
                0x08007270       0x40 e:/programs/gnu arm embedded toolchain/10 2021.10/bin/../lib/gcc/arm-none-eabi/10.3.1/../../../../arm-none-eabi/lib/thumb/v7e-m/nofp\libg.a(lib_a-mprec.o)
                0x08007270                __hi0bits
 .text.__lo0bits
                0x080072b0       0x5c e:/programs/gnu arm embedded toolchain/10 2021.10/bin/../lib/gcc/arm-none-eabi/10.3.1/../../../../arm-none-eabi/lib/thumb/v7e-m/nofp\libg.a(lib_a-mprec.o)
                0x080072b0                __lo0bits
 .text.__i2b    0x0800730c       0x5c e:/programs/gnu arm embedded toolchain/10 2021.10/bin/../lib/gcc/arm-none-eabi/10.3.1/../../../../arm-none-eabi/lib/thumb/v7e-m/nofp\libg.a(lib_a-mprec.o)
                0x0800730c                __i2b
 .text.__multiply
                0x08007368      0x15c e:/programs/gnu arm embedded toolchain/10 2021.10/bin/../lib/gcc/arm-none-eabi/10.3.1/../../../../arm-none-eabi/lib/thumb/v7e-m/nofp\libg.a(lib_a-mprec.o)
                0x08007368                __multiply
 .text.__pow5mult
                0x080074c4       0xc0 e:/programs/gnu arm embedded toolchain/10 2021.10/bin/../lib/gcc/arm-none-eabi/10.3.1/../../../../arm-none-eabi/lib/thumb/v7e-m/nofp\libg.a(lib_a-mprec.o)
                0x080074c4                __pow5mult
 .text.__lshift
                0x08007584       0xf0 e:/programs/gnu arm embedded toolchain/10 2021.10/bin/../lib/gcc/arm-none-eabi/10.3.1/../../../../arm-none-eabi/lib/thumb/v7e-m/nofp\libg.a(lib_a-mprec.o)
                0x08007584                __lshift
 .text.__mcmp   0x08007674       0x40 e:/programs/gnu arm embedded toolchain/10 2021.10/bin/../lib/gcc/arm-none-eabi/10.3.1/../../../../arm-none-eabi/lib/thumb/v7e-m/nofp\libg.a(lib_a-mprec.o)
                0x08007674                __mcmp
 .text.__mdiff  0x080076b4      0x14c e:/programs/gnu arm embedded toolchain/10 2021.10/bin/../lib/gcc/arm-none-eabi/10.3.1/../../../../arm-none-eabi/lib/thumb/v7e-m/nofp\libg.a(lib_a-mprec.o)
                0x080076b4                __mdiff
 .text.__d2b    0x08007800       0xc4 e:/programs/gnu arm embedded toolchain/10 2021.10/bin/../lib/gcc/arm-none-eabi/10.3.1/../../../../arm-none-eabi/lib/thumb/v7e-m/nofp\libg.a(lib_a-mprec.o)
                0x08007800                __d2b
 .text._putc_r  0x080078c4       0x74 e:/programs/gnu arm embedded toolchain/10 2021.10/bin/../lib/gcc/arm-none-eabi/10.3.1/../../../../arm-none-eabi/lib/thumb/v7e-m/nofp\libg.a(lib_a-putc.o)
                0x080078c4                _putc_r
 .text._realloc_r
                0x08007938      0x3d8 e:/programs/gnu arm embedded toolchain/10 2021.10/bin/../lib/gcc/arm-none-eabi/10.3.1/../../../../arm-none-eabi/lib/thumb/v7e-m/nofp\libg.a(lib_a-reallocr.o)
                0x08007938                _realloc_r
 .text.frexp    0x08007d10       0x70 e:/programs/gnu arm embedded toolchain/10 2021.10/bin/../lib/gcc/arm-none-eabi/10.3.1/../../../../arm-none-eabi/lib/thumb/v7e-m/nofp\libg.a(lib_a-s_frexp.o)
                0x08007d10                frexp
 .text._sbrk_r  0x08007d80       0x24 e:/programs/gnu arm embedded toolchain/10 2021.10/bin/../lib/gcc/arm-none-eabi/10.3.1/../../../../arm-none-eabi/lib/thumb/v7e-m/nofp\libg.a(lib_a-sbrkr.o)
                0x08007d80                _sbrk_r
 .text.__sread  0x08007da4       0x24 e:/programs/gnu arm embedded toolchain/10 2021.10/bin/../lib/gcc/arm-none-eabi/10.3.1/../../../../arm-none-eabi/lib/thumb/v7e-m/nofp\libg.a(lib_a-stdio.o)
                0x08007da4                __sread
 .text.__swrite
                0x08007dc8       0x40 e:/programs/gnu arm embedded toolchain/10 2021.10/bin/../lib/gcc/arm-none-eabi/10.3.1/../../../../arm-none-eabi/lib/thumb/v7e-m/nofp\libg.a(lib_a-stdio.o)
                0x08007dc8                __swrite
 .text.__sseek  0x08007e08       0x20 e:/programs/gnu arm embedded toolchain/10 2021.10/bin/../lib/gcc/arm-none-eabi/10.3.1/../../../../arm-none-eabi/lib/thumb/v7e-m/nofp\libg.a(lib_a-stdio.o)
                0x08007e08                __sseek
 .text.__sclose
                0x08007e28        0x8 e:/programs/gnu arm embedded toolchain/10 2021.10/bin/../lib/gcc/arm-none-eabi/10.3.1/../../../../arm-none-eabi/lib/thumb/v7e-m/nofp\libg.a(lib_a-stdio.o)
                0x08007e28                __sclose
 .text.strncpy  0x08007e30       0x64 e:/programs/gnu arm embedded toolchain/10 2021.10/bin/../lib/gcc/arm-none-eabi/10.3.1/../../../../arm-none-eabi/lib/thumb/v7e-m/nofp\libg.a(lib_a-strncpy.o)
                0x08007e30                strncpy
 .text.__sprint_r.part.0
                0x08007e94       0x78 e:/programs/gnu arm embedded toolchain/10 2021.10/bin/../lib/gcc/arm-none-eabi/10.3.1/../../../../arm-none-eabi/lib/thumb/v7e-m/nofp\libg.a(lib_a-vfiprintf.o)
 .text.__sprint_r
                0x08007f0c       0x14 e:/programs/gnu arm embedded toolchain/10 2021.10/bin/../lib/gcc/arm-none-eabi/10.3.1/../../../../arm-none-eabi/lib/thumb/v7e-m/nofp\libg.a(lib_a-vfiprintf.o)
                0x08007f0c                __sprint_r
 .text._vfiprintf_r
                0x08007f20      0xda0 e:/programs/gnu arm embedded toolchain/10 2021.10/bin/../lib/gcc/arm-none-eabi/10.3.1/../../../../arm-none-eabi/lib/thumb/v7e-m/nofp\libg.a(lib_a-vfiprintf.o)
                0x08007f20                _vfiprintf_r
 .text.__sbprintf
                0x08008cc0       0x80 e:/programs/gnu arm embedded toolchain/10 2021.10/bin/../lib/gcc/arm-none-eabi/10.3.1/../../../../arm-none-eabi/lib/thumb/v7e-m/nofp\libg.a(lib_a-vfiprintf.o)
 .text.__swbuf_r
                0x08008d40       0xb0 e:/programs/gnu arm embedded toolchain/10 2021.10/bin/../lib/gcc/arm-none-eabi/10.3.1/../../../../arm-none-eabi/lib/thumb/v7e-m/nofp\libg.a(lib_a-wbuf.o)
                0x08008d40                __swbuf_r
 .text._write_r
                0x08008df0       0x2c e:/programs/gnu arm embedded toolchain/10 2021.10/bin/../lib/gcc/arm-none-eabi/10.3.1/../../../../arm-none-eabi/lib/thumb/v7e-m/nofp\libg.a(lib_a-writer.o)
                0x08008df0                _write_r
 .text.__register_exitproc
                0x08008e1c       0x8c e:/programs/gnu arm embedded toolchain/10 2021.10/bin/../lib/gcc/arm-none-eabi/10.3.1/../../../../arm-none-eabi/lib/thumb/v7e-m/nofp\libg.a(lib_a-__atexit.o)
                0x08008e1c                __register_exitproc
 .text.__assert_func
                0x08008ea8       0x40 e:/programs/gnu arm embedded toolchain/10 2021.10/bin/../lib/gcc/arm-none-eabi/10.3.1/../../../../arm-none-eabi/lib/thumb/v7e-m/nofp\libg.a(lib_a-assert.o)
                0x08008ea8                __assert_func
 .text._calloc_r
                0x08008ee8       0x78 e:/programs/gnu arm embedded toolchain/10 2021.10/bin/../lib/gcc/arm-none-eabi/10.3.1/../../../../arm-none-eabi/lib/thumb/v7e-m/nofp\libg.a(lib_a-callocr.o)
                0x08008ee8                _calloc_r
 .text._close_r
                0x08008f60       0x24 e:/programs/gnu arm embedded toolchain/10 2021.10/bin/../lib/gcc/arm-none-eabi/10.3.1/../../../../arm-none-eabi/lib/thumb/v7e-m/nofp\libg.a(lib_a-closer.o)
                0x08008f60                _close_r
 .text._fclose_r
                0x08008f84       0xcc e:/programs/gnu arm embedded toolchain/10 2021.10/bin/../lib/gcc/arm-none-eabi/10.3.1/../../../../arm-none-eabi/lib/thumb/v7e-m/nofp\libg.a(lib_a-fclose.o)
                0x08008f84                _fclose_r
 .text.fiprintf
                0x08009050       0x28 e:/programs/gnu arm embedded toolchain/10 2021.10/bin/../lib/gcc/arm-none-eabi/10.3.1/../../../../arm-none-eabi/lib/thumb/v7e-m/nofp\libg.a(lib_a-fiprintf.o)
                0x08009050                fiprintf
 .text.__fputwc
                0x08009078       0xa8 e:/programs/gnu arm embedded toolchain/10 2021.10/bin/../lib/gcc/arm-none-eabi/10.3.1/../../../../arm-none-eabi/lib/thumb/v7e-m/nofp\libg.a(lib_a-fputwc.o)
                0x08009078                __fputwc
 .text._fputwc_r
                0x08009120       0x68 e:/programs/gnu arm embedded toolchain/10 2021.10/bin/../lib/gcc/arm-none-eabi/10.3.1/../../../../arm-none-eabi/lib/thumb/v7e-m/nofp\libg.a(lib_a-fputwc.o)
                0x08009120                _fputwc_r
 .text._fstat_r
                0x08009188       0x2c e:/programs/gnu arm embedded toolchain/10 2021.10/bin/../lib/gcc/arm-none-eabi/10.3.1/../../../../arm-none-eabi/lib/thumb/v7e-m/nofp\libg.a(lib_a-fstatr.o)
                0x08009188                _fstat_r
 .text._isatty_r
                0x080091b4       0x24 e:/programs/gnu arm embedded toolchain/10 2021.10/bin/../lib/gcc/arm-none-eabi/10.3.1/../../../../arm-none-eabi/lib/thumb/v7e-m/nofp\libg.a(lib_a-isattyr.o)
                0x080091b4                _isatty_r
 .text.__locale_mb_cur_max
                0x080091d8        0xc e:/programs/gnu arm embedded toolchain/10 2021.10/bin/../lib/gcc/arm-none-eabi/10.3.1/../../../../arm-none-eabi/lib/thumb/v7e-m/nofp\libg.a(lib_a-locale.o)
                0x080091d8                __locale_mb_cur_max
 .text._lseek_r
                0x080091e4       0x2c e:/programs/gnu arm embedded toolchain/10 2021.10/bin/../lib/gcc/arm-none-eabi/10.3.1/../../../../arm-none-eabi/lib/thumb/v7e-m/nofp\libg.a(lib_a-lseekr.o)
                0x080091e4                _lseek_r
 .text.__ascii_mbtowc
                0x08009210       0x2c e:/programs/gnu arm embedded toolchain/10 2021.10/bin/../lib/gcc/arm-none-eabi/10.3.1/../../../../arm-none-eabi/lib/thumb/v7e-m/nofp\libg.a(lib_a-mbtowc_r.o)
                0x08009210                __ascii_mbtowc
 .text._read_r  0x0800923c       0x2c e:/programs/gnu arm embedded toolchain/10 2021.10/bin/../lib/gcc/arm-none-eabi/10.3.1/../../../../arm-none-eabi/lib/thumb/v7e-m/nofp\libg.a(lib_a-readr.o)
                0x0800923c                _read_r
 .text._wcrtomb_r
                0x08009268       0x3c e:/programs/gnu arm embedded toolchain/10 2021.10/bin/../lib/gcc/arm-none-eabi/10.3.1/../../../../arm-none-eabi/lib/thumb/v7e-m/nofp\libg.a(lib_a-wcrtomb.o)
                0x08009268                _wcrtomb_r
 .text.__ascii_wctomb
                0x080092a4       0x1c e:/programs/gnu arm embedded toolchain/10 2021.10/bin/../lib/gcc/arm-none-eabi/10.3.1/../../../../arm-none-eabi/lib/thumb/v7e-m/nofp\libg.a(lib_a-wctomb_r.o)
                0x080092a4                __ascii_wctomb
 .text.abort    0x080092c0       0x10 e:/programs/gnu arm embedded toolchain/10 2021.10/bin/../lib/gcc/arm-none-eabi/10.3.1/../../../../arm-none-eabi/lib/thumb/v7e-m/nofp\libg.a(lib_a-abort.o)
                0x080092c0                abort
 .text.raise    0x080092d0       0x5c e:/programs/gnu arm embedded toolchain/10 2021.10/bin/../lib/gcc/arm-none-eabi/10.3.1/../../../../arm-none-eabi/lib/thumb/v7e-m/nofp\libg.a(lib_a-signal.o)
                0x080092d0                raise
 .text._kill_r  0x0800932c       0x2c e:/programs/gnu arm embedded toolchain/10 2021.10/bin/../lib/gcc/arm-none-eabi/10.3.1/../../../../arm-none-eabi/lib/thumb/v7e-m/nofp\libg.a(lib_a-signalr.o)
                0x0800932c                _kill_r
 .text._getpid_r
                0x08009358        0x4 e:/programs/gnu arm embedded toolchain/10 2021.10/bin/../lib/gcc/arm-none-eabi/10.3.1/../../../../arm-none-eabi/lib/thumb/v7e-m/nofp\libg.a(lib_a-signalr.o)
                0x08009358                _getpid_r
 *(.glue_7)
 .glue_7        0x0800935c        0x0 linker stubs
 *(.glue_7t)
 .glue_7t       0x0800935c        0x0 linker stubs
 *(.eh_frame)
 .eh_frame      0x0800935c        0x0 e:/programs/gnu arm embedded toolchain/10 2021.10/bin/../lib/gcc/arm-none-eabi/10.3.1/thumb/v7e-m/nofp/crtbegin.o
 *(.init)
 .init          0x0800935c        0x4 e:/programs/gnu arm embedded toolchain/10 2021.10/bin/../lib/gcc/arm-none-eabi/10.3.1/thumb/v7e-m/nofp/crti.o
                0x0800935c                _init
 .init          0x08009360        0x8 e:/programs/gnu arm embedded toolchain/10 2021.10/bin/../lib/gcc/arm-none-eabi/10.3.1/thumb/v7e-m/nofp/crtn.o
 *(.fini)
 .fini          0x08009368        0x4 e:/programs/gnu arm embedded toolchain/10 2021.10/bin/../lib/gcc/arm-none-eabi/10.3.1/thumb/v7e-m/nofp/crti.o
                0x08009368                _fini
 .fini          0x0800936c        0x8 e:/programs/gnu arm embedded toolchain/10 2021.10/bin/../lib/gcc/arm-none-eabi/10.3.1/thumb/v7e-m/nofp/crtn.o
                0x08009374                . = ALIGN (0x4)
                0x08009374                _etext = .

.vfp11_veneer   0x08009374        0x0
 .vfp11_veneer  0x08009374        0x0 linker stubs

.v4_bx          0x08009374        0x0
 .v4_bx         0x08009374        0x0 linker stubs

.iplt           0x08009374        0x0
 .iplt          0x08009374        0x0 e:/programs/gnu arm embedded toolchain/10 2021.10/bin/../lib/gcc/arm-none-eabi/10.3.1/thumb/v7e-m/nofp/crtbegin.o

.rodata         0x08009378      0xdf4
                0x08009378                . = ALIGN (0x4)
 *(.rodata)
 *(.rodata*)
 .rodata.go_to_application.str1.4
                0x08009378       0x6d CMakeFiles/test_boot_11_04.elf.dir/Core/Src/main.c.obj
 *fill*         0x080093e5        0x3 
 .rodata.main.str1.4
                0x080093e8       0x2a CMakeFiles/test_boot_11_04.elf.dir/Core/Src/main.c.obj
 *fill*         0x08009412        0x2 
 .rodata.AHBPrescTable
                0x08009414       0x10 CMakeFiles/test_boot_11_04.elf.dir/Core/Src/system_stm32f4xx.c.obj
                0x08009414                AHBPrescTable
 .rodata.APBPrescTable
                0x08009424        0x8 CMakeFiles/test_boot_11_04.elf.dir/Core/Src/system_stm32f4xx.c.obj
                0x08009424                APBPrescTable
 .rodata.four_uint8t_to_one_uint32t.str1.4
                0x0800942c       0x2a CMakeFiles/test_boot_11_04.elf.dir/Core/Src/update_driver/update_driver.c.obj
 *fill*         0x08009456        0x2 
 .rodata.check_bootloader_mode.str1.4
                0x08009458      0x168 CMakeFiles/test_boot_11_04.elf.dir/Core/Src/update_driver/update_driver.c.obj
 .rodata.check_crc.str1.4
                0x080095c0       0x5c CMakeFiles/test_boot_11_04.elf.dir/Core/Src/update_driver/update_driver.c.obj
 .rodata.usart_get_cmd.str1.4
                0x0800961c      0x149 CMakeFiles/test_boot_11_04.elf.dir/Core/Src/update_driver/update_driver.c.obj
 .rodata.usart_send_status.str1.4
                0x08009765      0x149 CMakeFiles/test_boot_11_04.elf.dir/Core/Src/update_driver/update_driver.c.obj
                                  0x2 (size before relaxing)
 *fill*         0x08009765        0x3 
 .rodata.usart_get_header.str1.4
                0x08009768       0x61 CMakeFiles/test_boot_11_04.elf.dir/Core/Src/update_driver/update_driver.c.obj
 *fill*         0x080097c9        0x3 
 .rodata.usart_get_data.str1.4
                0x080097cc       0x62 CMakeFiles/test_boot_11_04.elf.dir/Core/Src/update_driver/update_driver.c.obj
 *fill*         0x0800982e        0x2 
 .rodata.erase_flash.str1.4
                0x08009830       0xf8 CMakeFiles/test_boot_11_04.elf.dir/Core/Src/update_driver/update_driver.c.obj
 .rodata.write_data_to_flash.str1.4
                0x08009928       0xaa CMakeFiles/test_boot_11_04.elf.dir/Core/Src/update_driver/update_driver.c.obj
 *fill*         0x080099d2        0x2 
 .rodata.update_firmware.str1.4
                0x080099d4      0x260 CMakeFiles/test_boot_11_04.elf.dir/Core/Src/update_driver/update_driver.c.obj
 .rodata.execute_command.str1.4
                0x08009c34       0xde CMakeFiles/test_boot_11_04.elf.dir/Core/Src/update_driver/update_driver.c.obj
 *fill*         0x08009d12        0x2 
 .rodata.bootloader_mode.str1.4
                0x08009d14       0x3e CMakeFiles/test_boot_11_04.elf.dir/Core/Src/update_driver/update_driver.c.obj
 *fill*         0x08009d52        0x2 
 .rodata.ack_word
                0x08009d54        0x4 CMakeFiles/test_boot_11_04.elf.dir/Core/Src/update_driver/update_driver.c.obj
                0x08009d54                ack_word
 .rodata.command_word
                0x08009d58        0x5 CMakeFiles/test_boot_11_04.elf.dir/Core/Src/update_driver/update_driver.c.obj
                0x08009d58                command_word
 *fill*         0x08009d5d        0x3 
 .rodata.data_word
                0x08009d60        0x5 CMakeFiles/test_boot_11_04.elf.dir/Core/Src/update_driver/update_driver.c.obj
                0x08009d60                data_word
 *fill*         0x08009d65        0x3 
 .rodata.header_word
                0x08009d68        0x5 CMakeFiles/test_boot_11_04.elf.dir/Core/Src/update_driver/update_driver.c.obj
                0x08009d68                header_word
 *fill*         0x08009d6d        0x3 
 .rodata.nack_word
                0x08009d70        0x4 CMakeFiles/test_boot_11_04.elf.dir/Core/Src/update_driver/update_driver.c.obj
                0x08009d70                nack_word
 .rodata._global_impure_ptr
                0x08009d74        0x4 e:/programs/gnu arm embedded toolchain/10 2021.10/bin/../lib/gcc/arm-none-eabi/10.3.1/../../../../arm-none-eabi/lib/thumb/v7e-m/nofp\libg.a(lib_a-impure.o)
                0x08009d74                _global_impure_ptr
 .rodata._puts_r.str1.4
                0x08009d78        0x2 e:/programs/gnu arm embedded toolchain/10 2021.10/bin/../lib/gcc/arm-none-eabi/10.3.1/../../../../arm-none-eabi/lib/thumb/v7e-m/nofp\libg.a(lib_a-puts.o)
 .rodata._vfprintf_r.str1.4
                0x08009d78       0x42 e:/programs/gnu arm embedded toolchain/10 2021.10/bin/../lib/gcc/arm-none-eabi/10.3.1/../../../../arm-none-eabi/lib/thumb/v7e-m/nofp\libg.a(lib_a-vfprintf.o)
 *fill*         0x08009dba        0x2 
 .rodata.blanks.1
                0x08009dbc       0x10 e:/programs/gnu arm embedded toolchain/10 2021.10/bin/../lib/gcc/arm-none-eabi/10.3.1/../../../../arm-none-eabi/lib/thumb/v7e-m/nofp\libg.a(lib_a-vfprintf.o)
 .rodata.zeroes.0
                0x08009dcc       0x10 e:/programs/gnu arm embedded toolchain/10 2021.10/bin/../lib/gcc/arm-none-eabi/10.3.1/../../../../arm-none-eabi/lib/thumb/v7e-m/nofp\libg.a(lib_a-vfprintf.o)
 .rodata._dtoa_r.str1.4
                0x08009ddc       0xa2 e:/programs/gnu arm embedded toolchain/10 2021.10/bin/../lib/gcc/arm-none-eabi/10.3.1/../../../../arm-none-eabi/lib/thumb/v7e-m/nofp\libg.a(lib_a-dtoa.o)
                                 0xa6 (size before relaxing)
 *fill*         0x08009e7e        0x2 
 .rodata.__multadd.str1.4
                0x08009e80       0x7f e:/programs/gnu arm embedded toolchain/10 2021.10/bin/../lib/gcc/arm-none-eabi/10.3.1/../../../../arm-none-eabi/lib/thumb/v7e-m/nofp\libg.a(lib_a-mprec.o)
                                 0x93 (size before relaxing)
 *fill*         0x08009eff        0x1 
 .rodata.__mprec_bigtens
                0x08009f00       0x28 e:/programs/gnu arm embedded toolchain/10 2021.10/bin/../lib/gcc/arm-none-eabi/10.3.1/../../../../arm-none-eabi/lib/thumb/v7e-m/nofp\libg.a(lib_a-mprec.o)
                0x08009f00                __mprec_bigtens
 .rodata.__mprec_tens
                0x08009f28       0xc8 e:/programs/gnu arm embedded toolchain/10 2021.10/bin/../lib/gcc/arm-none-eabi/10.3.1/../../../../arm-none-eabi/lib/thumb/v7e-m/nofp\libg.a(lib_a-mprec.o)
                0x08009f28                __mprec_tens
 .rodata.p05.0  0x08009ff0        0xc e:/programs/gnu arm embedded toolchain/10 2021.10/bin/../lib/gcc/arm-none-eabi/10.3.1/../../../../arm-none-eabi/lib/thumb/v7e-m/nofp\libg.a(lib_a-mprec.o)
 .rodata._vfiprintf_r.str1.4
                0x08009ffc       0x2f e:/programs/gnu arm embedded toolchain/10 2021.10/bin/../lib/gcc/arm-none-eabi/10.3.1/../../../../arm-none-eabi/lib/thumb/v7e-m/nofp\libg.a(lib_a-vfiprintf.o)
 .rodata.blanks.1
                0x08009ffc       0x10 e:/programs/gnu arm embedded toolchain/10 2021.10/bin/../lib/gcc/arm-none-eabi/10.3.1/../../../../arm-none-eabi/lib/thumb/v7e-m/nofp\libg.a(lib_a-vfiprintf.o)
 .rodata.zeroes.0
                0x0800a00c       0x10 e:/programs/gnu arm embedded toolchain/10 2021.10/bin/../lib/gcc/arm-none-eabi/10.3.1/../../../../arm-none-eabi/lib/thumb/v7e-m/nofp\libg.a(lib_a-vfiprintf.o)
 .rodata.__assert_func.str1.4
                0x0800a01c       0x3f e:/programs/gnu arm embedded toolchain/10 2021.10/bin/../lib/gcc/arm-none-eabi/10.3.1/../../../../arm-none-eabi/lib/thumb/v7e-m/nofp\libg.a(lib_a-assert.o)
                                 0x43 (size before relaxing)
 *fill*         0x0800a05b        0x1 
 .rodata._setlocale_r.str1.4
                0x0800a05c        0xa e:/programs/gnu arm embedded toolchain/10 2021.10/bin/../lib/gcc/arm-none-eabi/10.3.1/../../../../arm-none-eabi/lib/thumb/v7e-m/nofp\libg.a(lib_a-locale.o)
                                  0xd (size before relaxing)
 .rodata.str1.4
                0x0800a066        0xa e:/programs/gnu arm embedded toolchain/10 2021.10/bin/../lib/gcc/arm-none-eabi/10.3.1/../../../../arm-none-eabi/lib/thumb/v7e-m/nofp\libg.a(lib_a-locale.o)
                                  0x2 (size before relaxing)
 *fill*         0x0800a066        0x2 
 .rodata._ctype_
                0x0800a068      0x101 e:/programs/gnu arm embedded toolchain/10 2021.10/bin/../lib/gcc/arm-none-eabi/10.3.1/../../../../arm-none-eabi/lib/thumb/v7e-m/nofp\libg.a(lib_a-ctype_.o)
                0x0800a068                _ctype_
                0x0800a16c                . = ALIGN (0x4)
 *fill*         0x0800a169        0x3 

.ARM.extab      0x0800a16c        0x0
                0x0800a16c                . = ALIGN (0x4)
 *(.ARM.extab* .gnu.linkonce.armextab.*)
                0x0800a16c                . = ALIGN (0x4)

.ARM            0x0800a16c        0x8
                0x0800a16c                . = ALIGN (0x4)
                0x0800a16c                __exidx_start = .
 *(.ARM.exidx*)
 .ARM.exidx     0x0800a16c        0x8 e:/programs/gnu arm embedded toolchain/10 2021.10/bin/../lib/gcc/arm-none-eabi/10.3.1/thumb/v7e-m/nofp\libgcc.a(_udivmoddi4.o)
                0x0800a174                __exidx_end = .
                0x0800a174                . = ALIGN (0x4)

.rel.dyn        0x0800a174        0x0
 .rel.iplt      0x0800a174        0x0 e:/programs/gnu arm embedded toolchain/10 2021.10/bin/../lib/gcc/arm-none-eabi/10.3.1/thumb/v7e-m/nofp/crtbegin.o

.preinit_array  0x0800a174        0x0
                0x0800a174                . = ALIGN (0x4)
                0x0800a174                PROVIDE (__preinit_array_start = .)
 *(.preinit_array*)
                0x0800a174                PROVIDE (__preinit_array_end = .)
                0x0800a174                . = ALIGN (0x4)

.init_array     0x0800a174        0x8
                0x0800a174                . = ALIGN (0x4)
                0x0800a174                PROVIDE (__init_array_start = .)
 *(SORT_BY_NAME(.init_array.*))
 .init_array.00000
                0x0800a174        0x4 e:/programs/gnu arm embedded toolchain/10 2021.10/bin/../lib/gcc/arm-none-eabi/10.3.1/../../../../arm-none-eabi/lib/thumb/v7e-m/nofp\libg.a(lib_a-__call_atexit.o)
 *(.init_array*)
 .init_array    0x0800a178        0x4 e:/programs/gnu arm embedded toolchain/10 2021.10/bin/../lib/gcc/arm-none-eabi/10.3.1/thumb/v7e-m/nofp/crtbegin.o
                0x0800a17c                PROVIDE (__init_array_end = .)
                0x0800a17c                . = ALIGN (0x4)

.fini_array     0x0800a17c        0x4
                0x0800a17c                . = ALIGN (0x4)
                0x0800a17c                PROVIDE (__fini_array_start = .)
 *(SORT_BY_NAME(.fini_array.*))
 *(.fini_array*)
 .fini_array    0x0800a17c        0x4 e:/programs/gnu arm embedded toolchain/10 2021.10/bin/../lib/gcc/arm-none-eabi/10.3.1/thumb/v7e-m/nofp/crtbegin.o
                0x0800a180                PROVIDE (__fini_array_end = .)
                0x0800a180                . = ALIGN (0x4)
                0x0800a180                _sidata = LOADADDR (.data)

.data           0x20000000      0x9b8 load address 0x0800a180
                0x20000000                . = ALIGN (0x4)
                0x20000000                _sdata = .
 *(.data)
 *(.data*)
 .data.SystemCoreClock
                0x20000000        0x4 CMakeFiles/test_boot_11_04.elf.dir/Core/Src/system_stm32f4xx.c.obj
                0x20000000                SystemCoreClock
 .data.uwTickFreq
                0x20000004        0x1 CMakeFiles/test_boot_11_04.elf.dir/Drivers/STM32F4xx_HAL_Driver/Src/stm32f4xx_hal.c.obj
                0x20000004                uwTickFreq
 *fill*         0x20000005        0x3 
 .data.uwTickPrio
                0x20000008        0x4 CMakeFiles/test_boot_11_04.elf.dir/Drivers/STM32F4xx_HAL_Driver/Src/stm32f4xx_hal.c.obj
                0x20000008                uwTickPrio
 .data._impure_ptr
                0x2000000c        0x4 e:/programs/gnu arm embedded toolchain/10 2021.10/bin/../lib/gcc/arm-none-eabi/10.3.1/../../../../arm-none-eabi/lib/thumb/v7e-m/nofp\libg.a(lib_a-impure.o)
                0x2000000c                _impure_ptr
 .data.impure_data
                0x20000010      0x428 e:/programs/gnu arm embedded toolchain/10 2021.10/bin/../lib/gcc/arm-none-eabi/10.3.1/../../../../arm-none-eabi/lib/thumb/v7e-m/nofp\libg.a(lib_a-impure.o)
 .data.__atexit_recursive_mutex
                0x20000438        0x4 e:/programs/gnu arm embedded toolchain/10 2021.10/bin/../lib/gcc/arm-none-eabi/10.3.1/../../../../arm-none-eabi/lib/thumb/v7e-m/nofp\libg.a(lib_a-__call_atexit.o)
                0x20000438                __atexit_recursive_mutex
 .data.__malloc_av_
                0x2000043c      0x408 e:/programs/gnu arm embedded toolchain/10 2021.10/bin/../lib/gcc/arm-none-eabi/10.3.1/../../../../arm-none-eabi/lib/thumb/v7e-m/nofp\libg.a(lib_a-mallocr.o)
                0x2000043c                __malloc_av_
 .data.__malloc_sbrk_base
                0x20000844        0x4 e:/programs/gnu arm embedded toolchain/10 2021.10/bin/../lib/gcc/arm-none-eabi/10.3.1/../../../../arm-none-eabi/lib/thumb/v7e-m/nofp\libg.a(lib_a-mallocr.o)
                0x20000844                __malloc_sbrk_base
 .data.__malloc_trim_threshold
                0x20000848        0x4 e:/programs/gnu arm embedded toolchain/10 2021.10/bin/../lib/gcc/arm-none-eabi/10.3.1/../../../../arm-none-eabi/lib/thumb/v7e-m/nofp\libg.a(lib_a-mallocr.o)
                0x20000848                __malloc_trim_threshold
 .data.__global_locale
                0x2000084c      0x16c e:/programs/gnu arm embedded toolchain/10 2021.10/bin/../lib/gcc/arm-none-eabi/10.3.1/../../../../arm-none-eabi/lib/thumb/v7e-m/nofp\libg.a(lib_a-locale.o)
                0x2000084c                __global_locale
 *(.RamFunc)
 *(.RamFunc*)
                0x200009b8                . = ALIGN (0x4)
                0x200009b8                _edata = .
                0x0800ab38                _siccmram = LOADADDR (.ccmram)

.igot.plt       0x200009b8        0x0 load address 0x0800ab38
 .igot.plt      0x200009b8        0x0 e:/programs/gnu arm embedded toolchain/10 2021.10/bin/../lib/gcc/arm-none-eabi/10.3.1/thumb/v7e-m/nofp/crtbegin.o

.ccmram         0x10000000        0x0 load address 0x0800ab38
                0x10000000                . = ALIGN (0x4)
                0x10000000                _sccmram = .
 *(.ccmram)
 *(.ccmram*)
                0x10000000                . = ALIGN (0x4)
                0x10000000                _eccmram = .
                0x10000000                . = ALIGN (0x4)

.bss            0x200009b8       0xd8
                0x200009b8                _sbss = .
                0x200009b8                __bss_start__ = _sbss
 *(.bss)
 .bss           0x200009b8       0x1c e:/programs/gnu arm embedded toolchain/10 2021.10/bin/../lib/gcc/arm-none-eabi/10.3.1/thumb/v7e-m/nofp/crtbegin.o
 *(.bss*)
 .bss.__sbrk_heap_end
                0x200009d4        0x4 CMakeFiles/test_boot_11_04.elf.dir/Core/Src/sysmem.c.obj
 .bss.hcrc      0x200009d8        0x8 CMakeFiles/test_boot_11_04.elf.dir/Core/Src/update_driver/update_driver.c.obj
                0x200009d8                hcrc
 .bss.huart3    0x200009e0       0x44 CMakeFiles/test_boot_11_04.elf.dir/Core/Src/update_driver/update_driver.c.obj
                0x200009e0                huart3
 .bss.uwTick    0x20000a24        0x4 CMakeFiles/test_boot_11_04.elf.dir/Drivers/STM32F4xx_HAL_Driver/Src/stm32f4xx_hal.c.obj
                0x20000a24                uwTick
 .bss.pFlash    0x20000a28       0x20 CMakeFiles/test_boot_11_04.elf.dir/Drivers/STM32F4xx_HAL_Driver/Src/stm32f4xx_hal_flash.c.obj
                0x20000a28                pFlash
 .bss.__lock___atexit_recursive_mutex
                0x20000a48        0x1 e:/programs/gnu arm embedded toolchain/10 2021.10/bin/../lib/gcc/arm-none-eabi/10.3.1/../../../../arm-none-eabi/lib/thumb/v7e-m/nofp\libg.a(lib_a-lock.o)
                0x20000a48                __lock___atexit_recursive_mutex
 *fill*         0x20000a49        0x3 
 .bss.__lock___malloc_recursive_mutex
                0x20000a4c        0x1 e:/programs/gnu arm embedded toolchain/10 2021.10/bin/../lib/gcc/arm-none-eabi/10.3.1/../../../../arm-none-eabi/lib/thumb/v7e-m/nofp\libg.a(lib_a-lock.o)
                0x20000a4c                __lock___malloc_recursive_mutex
 *fill*         0x20000a4d        0x3 
 .bss.__lock___sfp_recursive_mutex
                0x20000a50        0x1 e:/programs/gnu arm embedded toolchain/10 2021.10/bin/../lib/gcc/arm-none-eabi/10.3.1/../../../../arm-none-eabi/lib/thumb/v7e-m/nofp\libg.a(lib_a-lock.o)
                0x20000a50                __lock___sfp_recursive_mutex
 *fill*         0x20000a51        0x3 
 .bss.__lock___sinit_recursive_mutex
                0x20000a54        0x1 e:/programs/gnu arm embedded toolchain/10 2021.10/bin/../lib/gcc/arm-none-eabi/10.3.1/../../../../arm-none-eabi/lib/thumb/v7e-m/nofp\libg.a(lib_a-lock.o)
                0x20000a54                __lock___sinit_recursive_mutex
 *fill*         0x20000a55        0x3 
 .bss.__malloc_current_mallinfo
                0x20000a58       0x28 e:/programs/gnu arm embedded toolchain/10 2021.10/bin/../lib/gcc/arm-none-eabi/10.3.1/../../../../arm-none-eabi/lib/thumb/v7e-m/nofp\libg.a(lib_a-mallocr.o)
                0x20000a58                __malloc_current_mallinfo
 .bss.__malloc_max_sbrked_mem
                0x20000a80        0x4 e:/programs/gnu arm embedded toolchain/10 2021.10/bin/../lib/gcc/arm-none-eabi/10.3.1/../../../../arm-none-eabi/lib/thumb/v7e-m/nofp\libg.a(lib_a-mallocr.o)
                0x20000a80                __malloc_max_sbrked_mem
 .bss.__malloc_max_total_mem
                0x20000a84        0x4 e:/programs/gnu arm embedded toolchain/10 2021.10/bin/../lib/gcc/arm-none-eabi/10.3.1/../../../../arm-none-eabi/lib/thumb/v7e-m/nofp\libg.a(lib_a-mallocr.o)
                0x20000a84                __malloc_max_total_mem
 .bss.__malloc_top_pad
                0x20000a88        0x4 e:/programs/gnu arm embedded toolchain/10 2021.10/bin/../lib/gcc/arm-none-eabi/10.3.1/../../../../arm-none-eabi/lib/thumb/v7e-m/nofp\libg.a(lib_a-mallocr.o)
                0x20000a88                __malloc_top_pad
 .bss.errno     0x20000a8c        0x4 e:/programs/gnu arm embedded toolchain/10 2021.10/bin/../lib/gcc/arm-none-eabi/10.3.1/../../../../arm-none-eabi/lib/thumb/v7e-m/nofp\libg.a(lib_a-reent.o)
                0x20000a8c                errno
 *(COMMON)
                0x20000a90                . = ALIGN (0x4)
                0x20000a90                _ebss = .
                0x20000a90                __bss_end__ = _ebss

._user_heap_stack
                0x20000a90      0x600
                0x20000a90                . = ALIGN (0x8)
                [!provide]                PROVIDE (end = .)
                0x20000a90                PROVIDE (_end = .)
                0x20000c90                . = (. + _Min_Heap_Size)
 *fill*         0x20000a90      0x200 
                0x20001090                . = (. + _Min_Stack_Size)
 *fill*         0x20000c90      0x400 
                0x20001090                . = ALIGN (0x8)

/DISCARD/
 libc.a(*)
 libm.a(*)
 libgcc.a(*)

.ARM.attributes
                0x00000000       0x2a
 *(.ARM.attributes)
 .ARM.attributes
                0x00000000       0x1e e:/programs/gnu arm embedded toolchain/10 2021.10/bin/../lib/gcc/arm-none-eabi/10.3.1/thumb/v7e-m/nofp/crti.o
 .ARM.attributes
                0x0000001e       0x2e e:/programs/gnu arm embedded toolchain/10 2021.10/bin/../lib/gcc/arm-none-eabi/10.3.1/thumb/v7e-m/nofp/crtbegin.o
 .ARM.attributes
                0x0000004c       0x2e CMakeFiles/test_boot_11_04.elf.dir/Core/Src/main.c.obj
 .ARM.attributes
                0x0000007a       0x2e CMakeFiles/test_boot_11_04.elf.dir/Core/Src/stm32f4xx_hal_msp.c.obj
 .ARM.attributes
                0x000000a8       0x2e CMakeFiles/test_boot_11_04.elf.dir/Core/Src/stm32f4xx_it.c.obj
 .ARM.attributes
                0x000000d6       0x2e CMakeFiles/test_boot_11_04.elf.dir/Core/Src/syscalls.c.obj
 .ARM.attributes
                0x00000104       0x2e CMakeFiles/test_boot_11_04.elf.dir/Core/Src/sysmem.c.obj
 .ARM.attributes
                0x00000132       0x2e CMakeFiles/test_boot_11_04.elf.dir/Core/Src/system_stm32f4xx.c.obj
 .ARM.attributes
                0x00000160       0x2e CMakeFiles/test_boot_11_04.elf.dir/Core/Src/update_driver/update_driver.c.obj
 .ARM.attributes
                0x0000018e       0x21 CMakeFiles/test_boot_11_04.elf.dir/Core/Startup/startup_stm32f407vgtx.s.obj
 .ARM.attributes
                0x000001af       0x2e CMakeFiles/test_boot_11_04.elf.dir/Drivers/STM32F4xx_HAL_Driver/Src/stm32f4xx_hal.c.obj
 .ARM.attributes
                0x000001dd       0x2e CMakeFiles/test_boot_11_04.elf.dir/Drivers/STM32F4xx_HAL_Driver/Src/stm32f4xx_hal_cortex.c.obj
 .ARM.attributes
                0x0000020b       0x2e CMakeFiles/test_boot_11_04.elf.dir/Drivers/STM32F4xx_HAL_Driver/Src/stm32f4xx_hal_crc.c.obj
 .ARM.attributes
                0x00000239       0x2e CMakeFiles/test_boot_11_04.elf.dir/Drivers/STM32F4xx_HAL_Driver/Src/stm32f4xx_hal_dma.c.obj
 .ARM.attributes
                0x00000267       0x2e CMakeFiles/test_boot_11_04.elf.dir/Drivers/STM32F4xx_HAL_Driver/Src/stm32f4xx_hal_flash.c.obj
 .ARM.attributes
                0x00000295       0x2e CMakeFiles/test_boot_11_04.elf.dir/Drivers/STM32F4xx_HAL_Driver/Src/stm32f4xx_hal_flash_ex.c.obj
 .ARM.attributes
                0x000002c3       0x2e CMakeFiles/test_boot_11_04.elf.dir/Drivers/STM32F4xx_HAL_Driver/Src/stm32f4xx_hal_gpio.c.obj
 .ARM.attributes
                0x000002f1       0x2e CMakeFiles/test_boot_11_04.elf.dir/Drivers/STM32F4xx_HAL_Driver/Src/stm32f4xx_hal_rcc.c.obj
 .ARM.attributes
                0x0000031f       0x2e CMakeFiles/test_boot_11_04.elf.dir/Drivers/STM32F4xx_HAL_Driver/Src/stm32f4xx_hal_uart.c.obj
 .ARM.attributes
                0x0000034d       0x1e e:/programs/gnu arm embedded toolchain/10 2021.10/bin/../lib/gcc/arm-none-eabi/10.3.1/thumb/v7e-m/nofp\libgcc.a(_aeabi_uldivmod.o)
 .ARM.attributes
                0x0000036b       0x2e e:/programs/gnu arm embedded toolchain/10 2021.10/bin/../lib/gcc/arm-none-eabi/10.3.1/thumb/v7e-m/nofp\libgcc.a(_udivmoddi4.o)
 .ARM.attributes
                0x00000399       0x1e e:/programs/gnu arm embedded toolchain/10 2021.10/bin/../lib/gcc/arm-none-eabi/10.3.1/thumb/v7e-m/nofp\libgcc.a(_dvmd_tls.o)
 .ARM.attributes
                0x000003b7       0x2e e:/programs/gnu arm embedded toolchain/10 2021.10/bin/../lib/gcc/arm-none-eabi/10.3.1/../../../../arm-none-eabi/lib/thumb/v7e-m/nofp\libg.a(lib_a-errno.o)
 .ARM.attributes
                0x000003e5       0x2e e:/programs/gnu arm embedded toolchain/10 2021.10/bin/../lib/gcc/arm-none-eabi/10.3.1/../../../../arm-none-eabi/lib/thumb/v7e-m/nofp\libg.a(lib_a-impure.o)
 .ARM.attributes
                0x00000413       0x2e e:/programs/gnu arm embedded toolchain/10 2021.10/bin/../lib/gcc/arm-none-eabi/10.3.1/../../../../arm-none-eabi/lib/thumb/v7e-m/nofp\libg.a(lib_a-init.o)
 .ARM.attributes
                0x00000441       0x2e e:/programs/gnu arm embedded toolchain/10 2021.10/bin/../lib/gcc/arm-none-eabi/10.3.1/../../../../arm-none-eabi/lib/thumb/v7e-m/nofp\libg.a(lib_a-memcmp.o)
 .ARM.attributes
                0x0000046f       0x1c e:/programs/gnu arm embedded toolchain/10 2021.10/bin/../lib/gcc/arm-none-eabi/10.3.1/../../../../arm-none-eabi/lib/thumb/v7e-m/nofp\libg.a(lib_a-memcpy.o)
 .ARM.attributes
                0x0000048b       0x2e e:/programs/gnu arm embedded toolchain/10 2021.10/bin/../lib/gcc/arm-none-eabi/10.3.1/../../../../arm-none-eabi/lib/thumb/v7e-m/nofp\libg.a(lib_a-memset.o)
 .ARM.attributes
                0x000004b9       0x2e e:/programs/gnu arm embedded toolchain/10 2021.10/bin/../lib/gcc/arm-none-eabi/10.3.1/../../../../arm-none-eabi/lib/thumb/v7e-m/nofp\libg.a(lib_a-printf.o)
 .ARM.attributes
                0x000004e7       0x2e e:/programs/gnu arm embedded toolchain/10 2021.10/bin/../lib/gcc/arm-none-eabi/10.3.1/../../../../arm-none-eabi/lib/thumb/v7e-m/nofp\libg.a(lib_a-putchar.o)
 .ARM.attributes
                0x00000515       0x2e e:/programs/gnu arm embedded toolchain/10 2021.10/bin/../lib/gcc/arm-none-eabi/10.3.1/../../../../arm-none-eabi/lib/thumb/v7e-m/nofp\libg.a(lib_a-puts.o)
 .ARM.attributes
                0x00000543       0x1c e:/programs/gnu arm embedded toolchain/10 2021.10/bin/../lib/gcc/arm-none-eabi/10.3.1/../../../../arm-none-eabi/lib/thumb/v7e-m/nofp\libg.a(lib_a-strlen.o)
 .ARM.attributes
                0x0000055f       0x2e e:/programs/gnu arm embedded toolchain/10 2021.10/bin/../lib/gcc/arm-none-eabi/10.3.1/../../../../arm-none-eabi/lib/thumb/v7e-m/nofp\libg.a(lib_a-vfprintf.o)
 .ARM.attributes
                0x0000058d       0x2e e:/programs/gnu arm embedded toolchain/10 2021.10/bin/../lib/gcc/arm-none-eabi/10.3.1/../../../../arm-none-eabi/lib/thumb/v7e-m/nofp\libg.a(lib_a-wsetup.o)
 .ARM.attributes
                0x000005bb       0x2e e:/programs/gnu arm embedded toolchain/10 2021.10/bin/../lib/gcc/arm-none-eabi/10.3.1/../../../../arm-none-eabi/lib/thumb/v7e-m/nofp\libg.a(lib_a-__call_atexit.o)
 .ARM.attributes
                0x000005e9       0x2e e:/programs/gnu arm embedded toolchain/10 2021.10/bin/../lib/gcc/arm-none-eabi/10.3.1/../../../../arm-none-eabi/lib/thumb/v7e-m/nofp\libg.a(lib_a-atexit.o)
 .ARM.attributes
                0x00000617       0x2e e:/programs/gnu arm embedded toolchain/10 2021.10/bin/../lib/gcc/arm-none-eabi/10.3.1/../../../../arm-none-eabi/lib/thumb/v7e-m/nofp\libg.a(lib_a-dtoa.o)
 .ARM.attributes
                0x00000645       0x2e e:/programs/gnu arm embedded toolchain/10 2021.10/bin/../lib/gcc/arm-none-eabi/10.3.1/../../../../arm-none-eabi/lib/thumb/v7e-m/nofp\libg.a(lib_a-fflush.o)
 .ARM.attributes
                0x00000673       0x2e e:/programs/gnu arm embedded toolchain/10 2021.10/bin/../lib/gcc/arm-none-eabi/10.3.1/../../../../arm-none-eabi/lib/thumb/v7e-m/nofp\libg.a(lib_a-findfp.o)
 .ARM.attributes
                0x000006a1       0x2e e:/programs/gnu arm embedded toolchain/10 2021.10/bin/../lib/gcc/arm-none-eabi/10.3.1/../../../../arm-none-eabi/lib/thumb/v7e-m/nofp\libg.a(lib_a-fini.o)
 .ARM.attributes
                0x000006cf       0x2e e:/programs/gnu arm embedded toolchain/10 2021.10/bin/../lib/gcc/arm-none-eabi/10.3.1/../../../../arm-none-eabi/lib/thumb/v7e-m/nofp\libg.a(lib_a-freer.o)
 .ARM.attributes
                0x000006fd       0x2e e:/programs/gnu arm embedded toolchain/10 2021.10/bin/../lib/gcc/arm-none-eabi/10.3.1/../../../../arm-none-eabi/lib/thumb/v7e-m/nofp\libg.a(lib_a-fvwrite.o)
 .ARM.attributes
                0x0000072b       0x2e e:/programs/gnu arm embedded toolchain/10 2021.10/bin/../lib/gcc/arm-none-eabi/10.3.1/../../../../arm-none-eabi/lib/thumb/v7e-m/nofp\libg.a(lib_a-fwalk.o)
 .ARM.attributes
                0x00000759       0x2e e:/programs/gnu arm embedded toolchain/10 2021.10/bin/../lib/gcc/arm-none-eabi/10.3.1/../../../../arm-none-eabi/lib/thumb/v7e-m/nofp\libg.a(lib_a-localeconv.o)
 .ARM.attributes
                0x00000787       0x2e e:/programs/gnu arm embedded toolchain/10 2021.10/bin/../lib/gcc/arm-none-eabi/10.3.1/../../../../arm-none-eabi/lib/thumb/v7e-m/nofp\libg.a(lib_a-lock.o)
 .ARM.attributes
                0x000007b5       0x2e e:/programs/gnu arm embedded toolchain/10 2021.10/bin/../lib/gcc/arm-none-eabi/10.3.1/../../../../arm-none-eabi/lib/thumb/v7e-m/nofp\libg.a(lib_a-makebuf.o)
 .ARM.attributes
                0x000007e3       0x2e e:/programs/gnu arm embedded toolchain/10 2021.10/bin/../lib/gcc/arm-none-eabi/10.3.1/../../../../arm-none-eabi/lib/thumb/v7e-m/nofp\libg.a(lib_a-mallocr.o)
 .ARM.attributes
                0x00000811       0x1c e:/programs/gnu arm embedded toolchain/10 2021.10/bin/../lib/gcc/arm-none-eabi/10.3.1/../../../../arm-none-eabi/lib/thumb/v7e-m/nofp\libg.a(lib_a-memchr.o)
 .ARM.attributes
                0x0000082d       0x2e e:/programs/gnu arm embedded toolchain/10 2021.10/bin/../lib/gcc/arm-none-eabi/10.3.1/../../../../arm-none-eabi/lib/thumb/v7e-m/nofp\libg.a(lib_a-memmove.o)
 .ARM.attributes
                0x0000085b       0x2e e:/programs/gnu arm embedded toolchain/10 2021.10/bin/../lib/gcc/arm-none-eabi/10.3.1/../../../../arm-none-eabi/lib/thumb/v7e-m/nofp\libg.a(lib_a-mlock.o)
 .ARM.attributes
                0x00000889       0x2e e:/programs/gnu arm embedded toolchain/10 2021.10/bin/../lib/gcc/arm-none-eabi/10.3.1/../../../../arm-none-eabi/lib/thumb/v7e-m/nofp\libg.a(lib_a-mprec.o)
 .ARM.attributes
                0x000008b7       0x2e e:/programs/gnu arm embedded toolchain/10 2021.10/bin/../lib/gcc/arm-none-eabi/10.3.1/../../../../arm-none-eabi/lib/thumb/v7e-m/nofp\libg.a(lib_a-putc.o)
 .ARM.attributes
                0x000008e5       0x2e e:/programs/gnu arm embedded toolchain/10 2021.10/bin/../lib/gcc/arm-none-eabi/10.3.1/../../../../arm-none-eabi/lib/thumb/v7e-m/nofp\libg.a(lib_a-reallocr.o)
 .ARM.attributes
                0x00000913       0x2e e:/programs/gnu arm embedded toolchain/10 2021.10/bin/../lib/gcc/arm-none-eabi/10.3.1/../../../../arm-none-eabi/lib/thumb/v7e-m/nofp\libg.a(lib_a-s_frexp.o)
 .ARM.attributes
                0x00000941       0x2e e:/programs/gnu arm embedded toolchain/10 2021.10/bin/../lib/gcc/arm-none-eabi/10.3.1/../../../../arm-none-eabi/lib/thumb/v7e-m/nofp\libg.a(lib_a-sbrkr.o)
 .ARM.attributes
                0x0000096f       0x2e e:/programs/gnu arm embedded toolchain/10 2021.10/bin/../lib/gcc/arm-none-eabi/10.3.1/../../../../arm-none-eabi/lib/thumb/v7e-m/nofp\libg.a(lib_a-stdio.o)
 .ARM.attributes
                0x0000099d       0x2e e:/programs/gnu arm embedded toolchain/10 2021.10/bin/../lib/gcc/arm-none-eabi/10.3.1/../../../../arm-none-eabi/lib/thumb/v7e-m/nofp\libg.a(lib_a-strncpy.o)
 .ARM.attributes
                0x000009cb       0x2e e:/programs/gnu arm embedded toolchain/10 2021.10/bin/../lib/gcc/arm-none-eabi/10.3.1/../../../../arm-none-eabi/lib/thumb/v7e-m/nofp\libg.a(lib_a-vfiprintf.o)
 .ARM.attributes
                0x000009f9       0x2e e:/programs/gnu arm embedded toolchain/10 2021.10/bin/../lib/gcc/arm-none-eabi/10.3.1/../../../../arm-none-eabi/lib/thumb/v7e-m/nofp\libg.a(lib_a-wbuf.o)
 .ARM.attributes
                0x00000a27       0x2e e:/programs/gnu arm embedded toolchain/10 2021.10/bin/../lib/gcc/arm-none-eabi/10.3.1/../../../../arm-none-eabi/lib/thumb/v7e-m/nofp\libg.a(lib_a-writer.o)
 .ARM.attributes
                0x00000a55       0x2e e:/programs/gnu arm embedded toolchain/10 2021.10/bin/../lib/gcc/arm-none-eabi/10.3.1/../../../../arm-none-eabi/lib/thumb/v7e-m/nofp\libg.a(lib_a-__atexit.o)
 .ARM.attributes
                0x00000a83       0x2e e:/programs/gnu arm embedded toolchain/10 2021.10/bin/../lib/gcc/arm-none-eabi/10.3.1/../../../../arm-none-eabi/lib/thumb/v7e-m/nofp\libg.a(lib_a-assert.o)
 .ARM.attributes
                0x00000ab1       0x2e e:/programs/gnu arm embedded toolchain/10 2021.10/bin/../lib/gcc/arm-none-eabi/10.3.1/../../../../arm-none-eabi/lib/thumb/v7e-m/nofp\libg.a(lib_a-callocr.o)
 .ARM.attributes
                0x00000adf       0x2e e:/programs/gnu arm embedded toolchain/10 2021.10/bin/../lib/gcc/arm-none-eabi/10.3.1/../../../../arm-none-eabi/lib/thumb/v7e-m/nofp\libg.a(lib_a-closer.o)
 .ARM.attributes
                0x00000b0d       0x2e e:/programs/gnu arm embedded toolchain/10 2021.10/bin/../lib/gcc/arm-none-eabi/10.3.1/../../../../arm-none-eabi/lib/thumb/v7e-m/nofp\libg.a(lib_a-fclose.o)
 .ARM.attributes
                0x00000b3b       0x2e e:/programs/gnu arm embedded toolchain/10 2021.10/bin/../lib/gcc/arm-none-eabi/10.3.1/../../../../arm-none-eabi/lib/thumb/v7e-m/nofp\libg.a(lib_a-fiprintf.o)
 .ARM.attributes
                0x00000b69       0x2e e:/programs/gnu arm embedded toolchain/10 2021.10/bin/../lib/gcc/arm-none-eabi/10.3.1/../../../../arm-none-eabi/lib/thumb/v7e-m/nofp\libg.a(lib_a-fputwc.o)
 .ARM.attributes
                0x00000b97       0x2e e:/programs/gnu arm embedded toolchain/10 2021.10/bin/../lib/gcc/arm-none-eabi/10.3.1/../../../../arm-none-eabi/lib/thumb/v7e-m/nofp\libg.a(lib_a-fstatr.o)
 .ARM.attributes
                0x00000bc5       0x2e e:/programs/gnu arm embedded toolchain/10 2021.10/bin/../lib/gcc/arm-none-eabi/10.3.1/../../../../arm-none-eabi/lib/thumb/v7e-m/nofp\libg.a(lib_a-isattyr.o)
 .ARM.attributes
                0x00000bf3       0x2e e:/programs/gnu arm embedded toolchain/10 2021.10/bin/../lib/gcc/arm-none-eabi/10.3.1/../../../../arm-none-eabi/lib/thumb/v7e-m/nofp\libg.a(lib_a-locale.o)
 .ARM.attributes
                0x00000c21       0x2e e:/programs/gnu arm embedded toolchain/10 2021.10/bin/../lib/gcc/arm-none-eabi/10.3.1/../../../../arm-none-eabi/lib/thumb/v7e-m/nofp\libg.a(lib_a-lseekr.o)
 .ARM.attributes
                0x00000c4f       0x2e e:/programs/gnu arm embedded toolchain/10 2021.10/bin/../lib/gcc/arm-none-eabi/10.3.1/../../../../arm-none-eabi/lib/thumb/v7e-m/nofp\libg.a(lib_a-mbtowc_r.o)
 .ARM.attributes
                0x00000c7d       0x2e e:/programs/gnu arm embedded toolchain/10 2021.10/bin/../lib/gcc/arm-none-eabi/10.3.1/../../../../arm-none-eabi/lib/thumb/v7e-m/nofp\libg.a(lib_a-readr.o)
 .ARM.attributes
                0x00000cab       0x2e e:/programs/gnu arm embedded toolchain/10 2021.10/bin/../lib/gcc/arm-none-eabi/10.3.1/../../../../arm-none-eabi/lib/thumb/v7e-m/nofp\libg.a(lib_a-reent.o)
 .ARM.attributes
                0x00000cd9       0x2e e:/programs/gnu arm embedded toolchain/10 2021.10/bin/../lib/gcc/arm-none-eabi/10.3.1/../../../../arm-none-eabi/lib/thumb/v7e-m/nofp\libg.a(lib_a-wcrtomb.o)
 .ARM.attributes
                0x00000d07       0x2e e:/programs/gnu arm embedded toolchain/10 2021.10/bin/../lib/gcc/arm-none-eabi/10.3.1/../../../../arm-none-eabi/lib/thumb/v7e-m/nofp\libg.a(lib_a-wctomb_r.o)
 .ARM.attributes
                0x00000d35       0x2e e:/programs/gnu arm embedded toolchain/10 2021.10/bin/../lib/gcc/arm-none-eabi/10.3.1/../../../../arm-none-eabi/lib/thumb/v7e-m/nofp\libg.a(lib_a-abort.o)
 .ARM.attributes
                0x00000d63       0x2e e:/programs/gnu arm embedded toolchain/10 2021.10/bin/../lib/gcc/arm-none-eabi/10.3.1/../../../../arm-none-eabi/lib/thumb/v7e-m/nofp\libg.a(lib_a-ctype_.o)
 .ARM.attributes
                0x00000d91       0x2e e:/programs/gnu arm embedded toolchain/10 2021.10/bin/../lib/gcc/arm-none-eabi/10.3.1/../../../../arm-none-eabi/lib/thumb/v7e-m/nofp\libg.a(lib_a-signal.o)
 .ARM.attributes
                0x00000dbf       0x2e e:/programs/gnu arm embedded toolchain/10 2021.10/bin/../lib/gcc/arm-none-eabi/10.3.1/../../../../arm-none-eabi/lib/thumb/v7e-m/nofp\libg.a(lib_a-signalr.o)
 .ARM.attributes
                0x00000ded       0x1e e:/programs/gnu arm embedded toolchain/10 2021.10/bin/../lib/gcc/arm-none-eabi/10.3.1/thumb/v7e-m/nofp\libgcc.a(_arm_addsubdf3.o)
 .ARM.attributes
                0x00000e0b       0x1e e:/programs/gnu arm embedded toolchain/10 2021.10/bin/../lib/gcc/arm-none-eabi/10.3.1/thumb/v7e-m/nofp\libgcc.a(_arm_muldivdf3.o)
 .ARM.attributes
                0x00000e29       0x1e e:/programs/gnu arm embedded toolchain/10 2021.10/bin/../lib/gcc/arm-none-eabi/10.3.1/thumb/v7e-m/nofp\libgcc.a(_arm_cmpdf2.o)
 .ARM.attributes
                0x00000e47       0x1e e:/programs/gnu arm embedded toolchain/10 2021.10/bin/../lib/gcc/arm-none-eabi/10.3.1/thumb/v7e-m/nofp\libgcc.a(_arm_unorddf2.o)
 .ARM.attributes
                0x00000e65       0x1e e:/programs/gnu arm embedded toolchain/10 2021.10/bin/../lib/gcc/arm-none-eabi/10.3.1/thumb/v7e-m/nofp\libgcc.a(_arm_fixdfsi.o)
 .ARM.attributes
                0x00000e83       0x1e e:/programs/gnu arm embedded toolchain/10 2021.10/bin/../lib/gcc/arm-none-eabi/10.3.1/thumb/v7e-m/nofp/crtn.o
OUTPUT(test_boot_11_04.elf elf32-littlearm)
LOAD linker stubs
LOAD e:/programs/gnu arm embedded toolchain/10 2021.10/bin/../lib/gcc/arm-none-eabi/10.3.1/../../../../arm-none-eabi/lib/thumb/v7e-m/nofp\libc.a
LOAD e:/programs/gnu arm embedded toolchain/10 2021.10/bin/../lib/gcc/arm-none-eabi/10.3.1/../../../../arm-none-eabi/lib/thumb/v7e-m/nofp\libm.a
LOAD e:/programs/gnu arm embedded toolchain/10 2021.10/bin/../lib/gcc/arm-none-eabi/10.3.1/thumb/v7e-m/nofp\libgcc.a

.debug_info     0x00000000     0xdd64
 .debug_info    0x00000000     0x1042 CMakeFiles/test_boot_11_04.elf.dir/Core/Src/main.c.obj
 .debug_info    0x00001042      0xd69 CMakeFiles/test_boot_11_04.elf.dir/Core/Src/stm32f4xx_hal_msp.c.obj
 .debug_info    0x00001dab      0x675 CMakeFiles/test_boot_11_04.elf.dir/Core/Src/stm32f4xx_it.c.obj
 .debug_info    0x00002420      0x7af CMakeFiles/test_boot_11_04.elf.dir/Core/Src/syscalls.c.obj
 .debug_info    0x00002bcf      0x174 CMakeFiles/test_boot_11_04.elf.dir/Core/Src/sysmem.c.obj
 .debug_info    0x00002d43      0x37d CMakeFiles/test_boot_11_04.elf.dir/Core/Src/system_stm32f4xx.c.obj
 .debug_info    0x000030c0     0x1e29 CMakeFiles/test_boot_11_04.elf.dir/Core/Src/update_driver/update_driver.c.obj
 .debug_info    0x00004ee9       0x22 CMakeFiles/test_boot_11_04.elf.dir/Core/Startup/startup_stm32f407vgtx.s.obj
 .debug_info    0x00004f0b      0x9f0 CMakeFiles/test_boot_11_04.elf.dir/Drivers/STM32F4xx_HAL_Driver/Src/stm32f4xx_hal.c.obj
 .debug_info    0x000058fb     0x1098 CMakeFiles/test_boot_11_04.elf.dir/Drivers/STM32F4xx_HAL_Driver/Src/stm32f4xx_hal_cortex.c.obj
 .debug_info    0x00006993      0x3e9 CMakeFiles/test_boot_11_04.elf.dir/Drivers/STM32F4xx_HAL_Driver/Src/stm32f4xx_hal_crc.c.obj
 .debug_info    0x00006d7c      0xb3f CMakeFiles/test_boot_11_04.elf.dir/Drivers/STM32F4xx_HAL_Driver/Src/stm32f4xx_hal_dma.c.obj
 .debug_info    0x000078bb      0x75a CMakeFiles/test_boot_11_04.elf.dir/Drivers/STM32F4xx_HAL_Driver/Src/stm32f4xx_hal_flash.c.obj
 .debug_info    0x00008015      0x84e CMakeFiles/test_boot_11_04.elf.dir/Drivers/STM32F4xx_HAL_Driver/Src/stm32f4xx_hal_flash_ex.c.obj
 .debug_info    0x00008863      0x7b0 CMakeFiles/test_boot_11_04.elf.dir/Drivers/STM32F4xx_HAL_Driver/Src/stm32f4xx_hal_gpio.c.obj
 .debug_info    0x00009013      0xb03 CMakeFiles/test_boot_11_04.elf.dir/Drivers/STM32F4xx_HAL_Driver/Src/stm32f4xx_hal_rcc.c.obj
 .debug_info    0x00009b16     0x424e CMakeFiles/test_boot_11_04.elf.dir/Drivers/STM32F4xx_HAL_Driver/Src/stm32f4xx_hal_uart.c.obj

.debug_abbrev   0x00000000     0x2345
 .debug_abbrev  0x00000000      0x2f3 CMakeFiles/test_boot_11_04.elf.dir/Core/Src/main.c.obj
 .debug_abbrev  0x000002f3      0x1d0 CMakeFiles/test_boot_11_04.elf.dir/Core/Src/stm32f4xx_hal_msp.c.obj
 .debug_abbrev  0x000004c3      0x16e CMakeFiles/test_boot_11_04.elf.dir/Core/Src/stm32f4xx_it.c.obj
 .debug_abbrev  0x00000631      0x1a3 CMakeFiles/test_boot_11_04.elf.dir/Core/Src/syscalls.c.obj
 .debug_abbrev  0x000007d4       0xe7 CMakeFiles/test_boot_11_04.elf.dir/Core/Src/sysmem.c.obj
 .debug_abbrev  0x000008bb      0x119 CMakeFiles/test_boot_11_04.elf.dir/Core/Src/system_stm32f4xx.c.obj
 .debug_abbrev  0x000009d4      0x332 CMakeFiles/test_boot_11_04.elf.dir/Core/Src/update_driver/update_driver.c.obj
 .debug_abbrev  0x00000d06       0x12 CMakeFiles/test_boot_11_04.elf.dir/Core/Startup/startup_stm32f407vgtx.s.obj
 .debug_abbrev  0x00000d18      0x206 CMakeFiles/test_boot_11_04.elf.dir/Drivers/STM32F4xx_HAL_Driver/Src/stm32f4xx_hal.c.obj
 .debug_abbrev  0x00000f1e      0x36a CMakeFiles/test_boot_11_04.elf.dir/Drivers/STM32F4xx_HAL_Driver/Src/stm32f4xx_hal_cortex.c.obj
 .debug_abbrev  0x00001288      0x1c2 CMakeFiles/test_boot_11_04.elf.dir/Drivers/STM32F4xx_HAL_Driver/Src/stm32f4xx_hal_crc.c.obj
 .debug_abbrev  0x0000144a      0x2c2 CMakeFiles/test_boot_11_04.elf.dir/Drivers/STM32F4xx_HAL_Driver/Src/stm32f4xx_hal_dma.c.obj
 .debug_abbrev  0x0000170c      0x26c CMakeFiles/test_boot_11_04.elf.dir/Drivers/STM32F4xx_HAL_Driver/Src/stm32f4xx_hal_flash.c.obj